// Jest Snapshot v1, https://goo.gl/fbAQLP

exports[`<StageList /> tests should match snapshot 1`] = `
<div>
  <div
    class="Layout--vertical Layout--layout-spacing-xsmall StyledProps--main container StyledProps--padding-small"
  >
    <div
      class="StyledProps--font StyledProps--main stageRow StyledProps--background-primary1 StyledProps--padding-small"
    >
      <span
        class="bp3-icon StyledProps--main secondaryIcon StyledProps--color StyledProps--color-primary7"
        data-icon="template-library"
      >
        <svg
          height="6"
          viewBox="0 0 12 13"
          width="6"
          xmlns="http://www.w3.org/2000/svg"
        >
          <clippath
            id="template-library_svg__a"
          >
            <path
              d="M1.8 13c.2 0 .4-.3.4-.6V.6C2.2.3 2 0 1.8 0H.4C.2 0 0 .3 0 .6v11.7c0 .4.2.7.4.7zm8.8 0l.9-.3c.3-.1.5-.4.4-.8L8.9.6C8.8.3 8.5.1 8.1.2l-.9.3c-.4 0-.5.4-.5.7l3.1 11.3c.1.4.5.6.8.5zm-5 0c.2 0 .4-.3.4-.7V.6c0-.3-.2-.6-.4-.6H4.2c-.2 0-.4.3-.4.6v11.7c0 .4.2.7.4.7z"
            />
          </clippath>
          <path
            clip-path="url(#template-library_svg__a)"
            d="M-5-5h22v23H-5z"
            fill="#25a6f7"
          />
        </svg>
      </span>
      <div
        class="Layout--horizontal Layout--layout-spacing-small StyledProps--main StyledProps--flex StyledProps--flex-alignItems-center StyledProps--flex-justifyContent-flex-start"
      >
        <span
          class="bp3-icon StyledProps--main"
          data-icon="cd-main"
        >
          <svg
            height="20"
            viewBox="0 0 32 32"
            width="20"
            xmlns="http://www.w3.org/2000/svg"
          >
            <path
              clip-rule="evenodd"
              d="M26.427 7.06A5.073 5.073 0 0129 11.52l-.077 8.934a5.073 5.073 0 01-2.537 4.35l-8.002 4.618a5.073 5.073 0 01-5.035.021l-7.776-4.402A5.073 5.073 0 013 20.583l.077-8.935a5.073 5.073 0 012.537-4.35l8.002-4.619a5.073 5.073 0 015.035-.02l7.776 4.402zm-2.83 6.938c-.42 1.586-2.029 2.538-3.601 2.141l-7.489-2.026a4.696 4.696 0 00-3.62.48 4.773 4.773 0 00-2.222 2.925 4.835 4.835 0 00.479 3.664 4.757 4.757 0 002.905 2.251 4.696 4.696 0 003.62-.48 4.773 4.773 0 002.222-2.924l.26-1.047a.25.25 0 00-.177-.302l-1.258-.34a.25.25 0 00-.307.18l-.256 1.025c-.426 1.602-2.064 2.556-3.651 2.127-1.582-.428-2.523-2.073-2.1-3.67.421-1.586 2.03-2.538 3.602-2.142l7.489 2.027a4.696 4.696 0 003.62-.48 4.773 4.773 0 002.222-2.925 4.835 4.835 0 00-.479-3.664 4.757 4.757 0 00-2.905-2.251 4.696 4.696 0 00-3.62.48 4.773 4.773 0 00-2.222 2.924l-.247.828a.25.25 0 00.174.312l1.259.34a.25.25 0 00.304-.169l.248-.827c.426-1.602 2.064-2.557 3.651-2.127 1.582.428 2.523 2.073 2.1 3.67z"
              fill="url(#cd-main_svg__a)"
              fill-rule="evenodd"
            />
            <defs>
              <lineargradient
                gradientUnits="userSpaceOnUse"
                id="cd-main_svg__a"
                x1="6.774"
                x2="21.5"
                y1="2"
                y2="30"
              >
                <stop
                  stop-color="#62F91F"
                />
                <stop
                  offset="1"
                  stop-color="#45BD35"
                />
              </lineargradient>
            </defs>
          </svg>
        </span>
        <p
          class="StyledProps--font Text--lineclamp StyledProps--main StyledProps--font-weight-semi-bold StyledProps--font-size-small StyledProps--color StyledProps--color-grey800"
          style="--text-line-clamp: 1;"
        >
          Stage 1
        </p>
      </div>
    </div>
    <div
      class="StyledProps--font StyledProps--main stageRow StyledProps--padding-small"
    >
      <div
        class="Layout--horizontal Layout--layout-spacing-small StyledProps--main StyledProps--flex StyledProps--flex-alignItems-center StyledProps--flex-justifyContent-flex-start"
      >
        <span
          class="bp3-icon StyledProps--main"
          data-icon="cd-main"
        >
          <svg
            height="20"
            viewBox="0 0 32 32"
            width="20"
            xmlns="http://www.w3.org/2000/svg"
          >
            <path
              clip-rule="evenodd"
              d="M26.427 7.06A5.073 5.073 0 0129 11.52l-.077 8.934a5.073 5.073 0 01-2.537 4.35l-8.002 4.618a5.073 5.073 0 01-5.035.021l-7.776-4.402A5.073 5.073 0 013 20.583l.077-8.935a5.073 5.073 0 012.537-4.35l8.002-4.619a5.073 5.073 0 015.035-.02l7.776 4.402zm-2.83 6.938c-.42 1.586-2.029 2.538-3.601 2.141l-7.489-2.026a4.696 4.696 0 00-3.62.48 4.773 4.773 0 00-2.222 2.925 4.835 4.835 0 00.479 3.664 4.757 4.757 0 002.905 2.251 4.696 4.696 0 003.62-.48 4.773 4.773 0 002.222-2.924l.26-1.047a.25.25 0 00-.177-.302l-1.258-.34a.25.25 0 00-.307.18l-.256 1.025c-.426 1.602-2.064 2.556-3.651 2.127-1.582-.428-2.523-2.073-2.1-3.67.421-1.586 2.03-2.538 3.602-2.142l7.489 2.027a4.696 4.696 0 003.62-.48 4.773 4.773 0 002.222-2.925 4.835 4.835 0 00-.479-3.664 4.757 4.757 0 00-2.905-2.251 4.696 4.696 0 00-3.62.48 4.773 4.773 0 00-2.222 2.924l-.247.828a.25.25 0 00.174.312l1.259.34a.25.25 0 00.304-.169l.248-.827c.426-1.602 2.064-2.557 3.651-2.127 1.582.428 2.523 2.073 2.1 3.67z"
              fill="url(#cd-main_svg__a)"
              fill-rule="evenodd"
            />
            <defs>
              <lineargradient
                gradientUnits="userSpaceOnUse"
                id="cd-main_svg__a"
                x1="6.774"
                x2="21.5"
                y1="2"
                y2="30"
              >
                <stop
                  stop-color="#62F91F"
                />
                <stop
                  offset="1"
                  stop-color="#45BD35"
                />
              </lineargradient>
            </defs>
          </svg>
        </span>
        <p
          class="StyledProps--font Text--lineclamp StyledProps--main StyledProps--font-weight-semi-bold StyledProps--font-size-small StyledProps--color StyledProps--color-grey800"
          style="--text-line-clamp: 1;"
        >
          Stage 2
        </p>
      </div>
    </div>
  </div>
</div>
`;
