// Jest Snapshot v1, https://goo.gl/fbAQLP

exports[`org dropdown test render 1`] = `
<div>
  <div>
    orgDropdown
    <button
      data-testid="onChangeBtn"
    />
    <div
      data-testid="dropdownItems"
    />
  </div>
</div>
`;
