// Jest Snapshot v1, https://goo.gl/fbAQLP

exports[`CFTrialHomePage snapshot test should render properly 1`] = `
<div>
  <div
    class="StyledProps--font StyledProps--main body"
    style="background: transparent url(test-file-stub) no-repeat;"
  >
    <div
      class="Layout--vertical Layout--layout-spacing-medium StyledProps--main"
    >
      <h1
        class="StyledProps--font StyledProps--font-h1 StyledProps--main StyledProps--font-weight-bold StyledProps--font-size-large StyledProps--color StyledProps--color-black100"
      >
        cf.continuous
      </h1>
      <div
        class="Layout--vertical Layout--layout-spacing-small StyledProps--main"
      >
        <p
          class="StyledProps--font StyledProps--main StyledProps--padding-bottom-xxlarge"
          style="width: 500px;"
        >
          cf.cfTrialHomePage.startTrial.description
        </p>
        <a
          class="learnMore"
          href="https://docs.harness.io/article/0a2u2ppp8s-getting-started-with-continuous-features"
          rel="noreferrer"
          target="_blank"
        >
          cf.learnMore
        </a>
        <button
          class="bp3-button Button--button StyledProps--font StyledProps--main StyledProps--intent-primary Button--with-current-color"
          style="width: 300px; height: 45px;"
          type="button"
        >
          <span
            class="bp3-button-text"
          >
            cf.cfTrialHomePage.startTrial.startBtn.description
          </span>
        </button>
      </div>
    </div>
  </div>
</div>
`;
