// Jest Snapshot v1, https://goo.gl/fbAQLP

exports[`UserDetails Test render data 1`] = `
<div>
  <div
    class="Layout--horizontal StyledProps--main PageHeader--container PageHeader--xlarge header StyledProps--flex StyledProps--padding-left-xlarge StyledProps--padding-right-xlarge StyledProps--background-white"
    data-testid="page-header"
  >
    <div
      class="Layout--vertical StyledProps--main"
    >
      <div
        class="PageHeader--breadcrumbsDiv"
      >
        <div
          class="Layout--horizontal StyledProps--main Breadcrumbs--breadcrumbs StyledProps--flex StyledProps--flex-align-center-center StyledProps--flex-justifyContent-flex-start"
        >
          <div
            class="Layout--horizontal StyledProps--main StyledProps--flex StyledProps--flex-align-center-center StyledProps--flex-justifyContent-flex-start"
          >
            <a
              class="Breadcrumbs--breadcrumb"
              href="/account/testAcc/settings"
            >
              <span
                class="bp3-icon bp3-icon-cog StyledProps--main StyledProps--padding-right-xsmall StyledProps--color StyledProps--color-primary7"
                icon="cog"
              >
                <svg
                  data-icon="cog"
                  height="16"
                  viewBox="0 0 16 16"
                  width="16"
                >
                  <desc>
                    cog
                  </desc>
                  <path
                    d="M15.19 6.39h-1.85c-.11-.37-.27-.71-.45-1.04l1.36-1.36c.31-.31.31-.82 0-1.13l-1.13-1.13a.803.803 0 00-1.13 0l-1.36 1.36c-.33-.17-.67-.33-1.04-.44V.79c0-.44-.36-.8-.8-.8h-1.6c-.44 0-.8.36-.8.8v1.86c-.39.12-.75.28-1.1.47l-1.3-1.3c-.3-.3-.79-.3-1.09 0L1.82 2.91c-.3.3-.3.79 0 1.09l1.3 1.3c-.2.34-.36.7-.48 1.09H.79c-.44 0-.8.36-.8.8v1.6c0 .44.36.8.8.8h1.85c.11.37.27.71.45 1.04l-1.36 1.36c-.31.31-.31.82 0 1.13l1.13 1.13c.31.31.82.31 1.13 0l1.36-1.36c.33.18.67.33 1.04.44v1.86c0 .44.36.8.8.8h1.6c.44 0 .8-.36.8-.8v-1.86c.39-.12.75-.28 1.1-.47l1.3 1.3c.3.3.79.3 1.09 0l1.09-1.09c.3-.3.3-.79 0-1.09l-1.3-1.3c.19-.35.36-.71.48-1.1h1.85c.44 0 .8-.36.8-.8v-1.6a.816.816 0 00-.81-.79zm-7.2 4.6c-1.66 0-3-1.34-3-3s1.34-3 3-3 3 1.34 3 3-1.34 3-3 3z"
                    fill-rule="evenodd"
                  />
                </svg>
              </span>
              <p
                class="StyledProps--font StyledProps--main StyledProps--intent-primary StyledProps--font-size-small"
              >
                common.accountSettings
              </p>
            </a>
            <span
              class="bp3-icon StyledProps--main StyledProps--color StyledProps--color-grey500 StyledProps--padding-right-xsmall StyledProps--padding-left-xsmall"
              data-icon="main-chevron-right"
            >
              <svg
                height="8"
                viewBox="0 0 8 14"
                width="8"
                xmlns="http://www.w3.org/2000/svg"
              >
                <path
                  d="M7.7 6.3l-6-6C1.5.1 1.3 0 1 0 .4 0 0 .4 0 1c0 .3.1.5.3.7L5.6 7 .3 12.3c-.2.2-.3.4-.3.7 0 .6.4 1 1 1 .3 0 .5-.1.7-.3l6-6c.2-.2.3-.4.3-.7s-.1-.5-.3-.7z"
                  fill="#4d5969"
                />
              </svg>
            </span>
          </div>
          <div
            class="Layout--horizontal StyledProps--main StyledProps--flex StyledProps--flex-align-center-center StyledProps--flex-justifyContent-flex-start"
          >
            <a
              class="Breadcrumbs--breadcrumb"
              href="/account/testAcc/settings/access-control/users"
            >
              <p
                class="StyledProps--font StyledProps--main StyledProps--intent-primary StyledProps--font-size-small"
              >
                accessControl: users
              </p>
            </a>
            <span
              class="bp3-icon StyledProps--main StyledProps--color StyledProps--color-grey500 StyledProps--padding-right-xsmall StyledProps--padding-left-xsmall"
              data-icon="main-chevron-right"
            >
              <svg
                height="8"
                viewBox="0 0 8 14"
                width="8"
                xmlns="http://www.w3.org/2000/svg"
              >
                <path
                  d="M7.7 6.3l-6-6C1.5.1 1.3 0 1 0 .4 0 0 .4 0 1c0 .3.1.5.3.7L5.6 7 .3 12.3c-.2.2-.3.4-.3.7 0 .6.4 1 1 1 .3 0 .5-.1.7-.3l6-6c.2-.2.3-.4.3-.7s-.1-.5-.3-.7z"
                  fill="#4d5969"
                />
              </svg>
            </span>
          </div>
        </div>
      </div>
      <div
        class="Layout--horizontal Layout--layout-spacing-medium StyledProps--main StyledProps--flex StyledProps--flex-alignItems-center StyledProps--flex-justifyContent-flex-start"
      >
        <div
          class="Avatar--Avatar Avatar--contentStyle"
        >
          <span
            class="bp3-popover-wrapper Avatar--avatarPopOver"
          >
            <span
              class="bp3-popover-target"
            >
              <div
                class="Avatar--AvatarInner"
                style="border-radius: 100%; line-height: 66px; width: 72px; height: 72px; font-size: 28px;"
                tabindex="0"
              >
                D
              </div>
            </span>
          </span>
        </div>
        <div
          class="Layout--vertical Layout--layout-spacing-xsmall StyledProps--main StyledProps--padding-left-medium"
        >
          <div
            class="Layout--horizontal Layout--layout-spacing-xsmall StyledProps--main StyledProps--flex StyledProps--flex-alignItems-baseline"
          >
            <p
              class="StyledProps--font StyledProps--main StyledProps--color StyledProps--color-black StyledProps--font-medium"
            >
              dummy
            </p>
          </div>
          <p
            class="StyledProps--font StyledProps--main"
          >
            dummy@harness.io
          </p>
        </div>
      </div>
    </div>
  </div>
  <div
    class="Layout--horizontal Layout--layout-spacing-small StyledProps--main tabs StyledProps--flex StyledProps--flex-alignItems-flex-end StyledProps--flex-justifyContent-flex-start"
  >
    <button
      aria-label="rbac.userDetails.groupMemberships"
      class="bp3-button bp3-minimal Button--button StyledProps--font StyledProps--main tabButton selectedTabs Button--with-current-color Button--without-shadow"
      type="button"
    >
      <span
        class="bp3-button-text"
      >
        rbac.userDetails.groupMemberships
      </span>
    </button>
    <button
      aria-label="rbac.roleBindings"
      class="bp3-button bp3-minimal Button--button StyledProps--font StyledProps--main tabButton Button--with-current-color Button--without-shadow"
      type="button"
    >
      <span
        class="bp3-button-text"
      >
        rbac.roleBindings
      </span>
    </button>
  </div>
  <div
    class="Layout--horizontal Layout--layout-spacing-small StyledProps--main secondaryHeader"
  >
    <div
      class="bp3-popover-wrapper DropDown--main"
    >
      <div
        class="bp3-popover-target"
      >
        <div
          class=""
        >
          <div
            class="Layout--horizontal StyledProps--main DropDown--dropdownButton DropDown--withBorder DropDown--minWidth StyledProps--flex"
            data-testid="dropdown-button"
            style="min-width: 130px;"
          >
            <div
              class="Layout--horizontal StyledProps--main DropDown--labelWrapper StyledProps--flex"
            >
              <p
                class="StyledProps--font Text--lineclamp StyledProps--main DropDown--label"
                data-testid="dropdown-value"
                style="--text-line-clamp: 1;"
              >
                <div
                  class="Layout--horizontal Layout--layout-spacing-small StyledProps--main"
                >
                  <p
                    class="StyledProps--font StyledProps--main StyledProps--color StyledProps--color-grey700 StyledProps--font-variation-small-bold"
                  >
                    rbac.scopeLabel
                  </p>
                  <p
                    class="StyledProps--font StyledProps--main StyledProps--color StyledProps--color-grey700 StyledProps--font-variation-small"
                  >
                    rbac.scopeItems.accountOnly
                  </p>
                </div>
              </p>
            </div>
            <div
              class="Layout--horizontal StyledProps--main DropDown--btnWrapper StyledProps--flex"
            >
              <span
                class="bp3-icon StyledProps--main StyledProps--color StyledProps--color-grey400"
                data-icon="main-chevron-down"
              >
                <svg
                  height="8"
                  viewBox="0 0 14 8"
                  width="8"
                  xmlns="http://www.w3.org/2000/svg"
                >
                  <path
                    d="M13 0c-.3 0-.5.1-.7.3L7 5.6 1.7.3C1.5.1 1.3 0 1 0 .4 0 0 .4 0 1c0 .3.1.5.3.7l6 6c.2.2.4.3.7.3s.5-.1.7-.3l6-6c.2-.2.3-.4.3-.7 0-.6-.4-1-1-1z"
                    fill="#4d5969"
                  />
                </svg>
              </span>
            </div>
          </div>
        </div>
      </div>
    </div>
  </div>
  <div
    class="userDetailsBody"
  >
    <div
      class="StyledProps--font StyledProps--main PageBody--pageBody"
      data-name="page-body"
      data-testid="page-body"
    >
      
      <div
        class="StyledProps--font StyledProps--main StyledProps--padding-large"
      >
        <div
          class="TableV2--table userGroupTable"
        >
          <div
            class="TableV2--header"
            role="row"
          >
            <div
              class="TableV2--cell"
              colspan="1"
              role="columnheader"
              style="width: 40%;"
            >
              <p
                class="StyledProps--font StyledProps--main StyledProps--font-variation-table-headers"
              >
                common.userGroup
              </p>
            </div>
            <div
              class="TableV2--cell"
              colspan="1"
              role="columnheader"
              style="width: 30%;"
            >
              <p
                class="StyledProps--font StyledProps--main StyledProps--font-variation-table-headers"
              >
                members
              </p>
            </div>
            <div
              class="TableV2--cell"
              colspan="1"
              role="columnheader"
              style="width: 30%;"
            >
              <p
                class="StyledProps--font StyledProps--main StyledProps--font-variation-table-headers"
              >
                <button
                  aria-label="common.plusNumber"
                  class="bp3-button Button--button StyledProps--font StyledProps--main addToGroup Button--with-current-color Button--variation Button--variation-secondary Button--size Button--small"
                  data-testid="add-UserGroup"
                  type="button"
                >
                  <span
                    class="bp3-button-text"
                  >
                    common.plusNumber
                  </span>
                </button>
              </p>
            </div>
          </div>
          <div
            class="TableV2--body"
          >
            <div
              class="TableV2--row TableV2--card TableV2--clickable"
              role="row"
            >
              <div
                class="TableV2--cells"
              >
                <div
                  class="TableV2--cell"
                  role="cell"
                  style="width: 40%;"
                >
                  <div
                    class="Layout--vertical StyledProps--main"
                  >
                    <div
                      class="Layout--vertical Layout--layout-spacing-xsmall StyledProps--main StyledProps--padding-left-small"
                    >
                      <div
                        class="Layout--horizontal Layout--layout-spacing-medium StyledProps--main"
                      >
                        <p
                          class="StyledProps--font Text--lineclamp StyledProps--main StyledProps--color StyledProps--color-black"
                          style="--text-line-clamp: 1;"
                        >
                          new ug
                        </p>
                      </div>
                      <p
                        class="StyledProps--font Text--lineclamp StyledProps--main StyledProps--color StyledProps--color-grey600 StyledProps--font-variation-small"
                        style="--text-line-clamp: 1;"
                      >
                        idLabel
                      </p>
                      <p
                        class="StyledProps--font Text--lineclamp StyledProps--main StyledProps--color StyledProps--color-purple500 StyledProps--font-variation-small"
                        style="--text-line-clamp: 1;"
                      >
                        rbac.unableToEditInheritedMembership
                      </p>
                    </div>
                  </div>
                </div>
                <div
                  class="TableV2--cell"
                  role="cell"
                  style="width: 30%;"
                >
                  <div
                    class="Layout--horizontal StyledProps--main StyledProps--flex StyledProps--flex-alignItems-center StyledProps--flex-justifyContent-flex-start"
                  >
                    <div
                      class="AvatarGroup--stack"
                      style="--avatar-over-lap: -13px;"
                    >
                      <div
                        class="AvatarGroup--stackAvatar Avatar--Avatar Avatar--contentStyle"
                      >
                        <span
                          class="bp3-popover-wrapper Avatar--avatarPopOver"
                        >
                          <span
                            class="bp3-popover-target"
                          >
                            <div
                              class="Avatar--AvatarInner"
                              style="border-radius: 100%; line-height: 26px; width: 32px; height: 32px; font-size: 10px;"
                              tabindex="0"
                            >
                              A
                            </div>
                          </span>
                        </span>
                      </div>
                    </div>
                  </div>
                </div>
                <div
                  class="TableV2--cell"
                  role="cell"
                  style="width: 30%;"
                >
                  <span
                    class="bp3-popover-wrapper bp3-dark"
                  >
                    <span
                      class="bp3-popover-target"
                    >
                      <button
                        class="bp3-button bp3-minimal Button--button StyledProps--font StyledProps--main Button--with-current-color Button--iconOnly Button--without-shadow Button--withLeftIcon"
                        data-testid="menu-UserGroup-new_ug"
                        type="button"
                      >
                        <span
                          class="bp3-icon StyledProps--main"
                          data-icon="Options"
                        >
                          <svg
                            fill="currentColor"
                            height="16"
                            viewBox="0 0 4 16"
                            width="16"
                            xmlns="http://www.w3.org/2000/svg"
                          >
                            <circle
                              cx="2"
                              cy="2"
                              r="1.5"
                            />
                            <circle
                              cx="2"
                              cy="8"
                              r="1.5"
                            />
                            <circle
                              cx="2"
                              cy="14"
                              r="1.5"
                            />
                          </svg>
                        </span>
                      </button>
                    </span>
                  </span>
                </div>
              </div>
            </div>
            <div
              class="TableV2--row TableV2--card TableV2--clickable"
              role="row"
            >
              <div
                class="TableV2--cells"
              >
                <div
                  class="TableV2--cell"
                  role="cell"
                  style="width: 40%;"
                >
                  <div
                    class="Layout--vertical StyledProps--main"
                  >
                    <div
                      class="Layout--vertical Layout--layout-spacing-xsmall StyledProps--main StyledProps--padding-left-small"
                    >
                      <div
                        class="Layout--horizontal Layout--layout-spacing-medium StyledProps--main"
                      >
                        <p
                          class="StyledProps--font Text--lineclamp StyledProps--main StyledProps--color StyledProps--color-black"
                          style="--text-line-clamp: 1;"
                        >
                          org default ug
                        </p>
                      </div>
                      <p
                        class="StyledProps--font Text--lineclamp StyledProps--main StyledProps--color StyledProps--color-grey600 StyledProps--font-variation-small"
                        style="--text-line-clamp: 1;"
                      >
                        idLabel
                      </p>
                      <p
                        class="StyledProps--font Text--lineclamp StyledProps--main StyledProps--color StyledProps--color-purple500 StyledProps--font-variation-small"
                        style="--text-line-clamp: 1;"
                      >
                        rbac.unableToEditInheritedMembership
                      </p>
                    </div>
                  </div>
                </div>
                <div
                  class="TableV2--cell"
                  role="cell"
                  style="width: 30%;"
                >
                  <div
                    class="Layout--horizontal StyledProps--main StyledProps--flex StyledProps--flex-alignItems-center StyledProps--flex-justifyContent-flex-start"
                  >
                    <div
                      class="AvatarGroup--stack"
                      style="--avatar-over-lap: -13px;"
                    >
                      <div
                        class="AvatarGroup--stackAvatar Avatar--Avatar Avatar--contentStyle"
                      >
                        <span
                          class="bp3-popover-wrapper Avatar--avatarPopOver"
                        >
                          <span
                            class="bp3-popover-target"
                          >
                            <div
                              class="Avatar--AvatarInner"
                              style="border-radius: 100%; line-height: 26px; width: 32px; height: 32px; font-size: 10px;"
                              tabindex="0"
                            >
                              A
                            </div>
                          </span>
                        </span>
                      </div>
                    </div>
                  </div>
                </div>
                <div
                  class="TableV2--cell"
                  role="cell"
                  style="width: 30%;"
                >
                  <span
                    class="bp3-popover-wrapper bp3-dark"
                  >
                    <span
                      class="bp3-popover-target"
                    >
                      <button
                        class="bp3-button bp3-minimal Button--button StyledProps--font StyledProps--main Button--with-current-color Button--iconOnly Button--without-shadow Button--withLeftIcon"
                        data-testid="menu-UserGroup-org_default_ug"
                        type="button"
                      >
                        <span
                          class="bp3-icon StyledProps--main"
                          data-icon="Options"
                        >
                          <svg
                            fill="currentColor"
                            height="16"
                            viewBox="0 0 4 16"
                            width="16"
                            xmlns="http://www.w3.org/2000/svg"
                          >
                            <circle
                              cx="2"
                              cy="2"
                              r="1.5"
                            />
                            <circle
                              cx="2"
                              cy="8"
                              r="1.5"
                            />
                            <circle
                              cx="2"
                              cy="14"
                              r="1.5"
                            />
                          </svg>
                        </span>
                      </button>
                    </span>
                  </span>
                </div>
              </div>
            </div>
            <div
              class="TableV2--row TableV2--card TableV2--clickable"
              role="row"
            >
              <div
                class="TableV2--cells"
              >
                <div
                  class="TableV2--cell"
                  role="cell"
                  style="width: 40%;"
                >
                  <div
                    class="Layout--vertical StyledProps--main"
                  >
                    <div
                      class="Layout--vertical Layout--layout-spacing-xsmall StyledProps--main StyledProps--padding-left-small"
                    >
                      <div
                        class="Layout--horizontal Layout--layout-spacing-medium StyledProps--main"
                      >
                        <p
                          class="StyledProps--font Text--lineclamp StyledProps--main StyledProps--color StyledProps--color-black"
                          style="--text-line-clamp: 1;"
                        >
                          access control
                        </p>
                      </div>
                      <p
                        class="StyledProps--font Text--lineclamp StyledProps--main StyledProps--color StyledProps--color-grey600 StyledProps--font-variation-small"
                        style="--text-line-clamp: 1;"
                      >
                        idLabel
                      </p>
                    </div>
                  </div>
                </div>
                <div
                  class="TableV2--cell"
                  role="cell"
                  style="width: 30%;"
                >
                  <div
                    class="Layout--horizontal StyledProps--main StyledProps--flex StyledProps--flex-alignItems-center StyledProps--flex-justifyContent-flex-start"
                  >
                    <div
                      class="AvatarGroup--stack"
                      style="--avatar-over-lap: -13px;"
                    >
                      <div
                        class="AvatarGroup--stackAvatar Avatar--Avatar Avatar--contentStyle"
                      >
                        <span
                          class="bp3-popover-wrapper Avatar--avatarPopOver"
                        >
                          <span
                            class="bp3-popover-target"
                          >
                            <div
                              class="Avatar--AvatarInner"
                              style="border-radius: 100%; line-height: 26px; width: 32px; height: 32px; font-size: 10px;"
                              tabindex="0"
                            >
                              D
                            </div>
                          </span>
                        </span>
                      </div>
                      <div
                        class="AvatarGroup--stackAvatar Avatar--Avatar Avatar--contentStyle"
                      >
                        <span
                          class="bp3-popover-wrapper Avatar--avatarPopOver"
                        >
                          <span
                            class="bp3-popover-target"
                          >
                            <div
                              class="Avatar--AvatarInner"
                              style="border-radius: 100%; line-height: 26px; width: 32px; height: 32px; font-size: 10px;"
                              tabindex="0"
                            >
                              R
                            </div>
                          </span>
                        </span>
                      </div>
                      <div
                        class="AvatarGroup--stackAvatar Avatar--Avatar Avatar--contentStyle"
                      >
                        <span
                          class="bp3-popover-wrapper Avatar--avatarPopOver"
                        >
                          <span
                            class="bp3-popover-target"
                          >
                            <div
                              class="Avatar--AvatarInner"
                              style="border-radius: 100%; line-height: 26px; width: 32px; height: 32px; font-size: 10px;"
                              tabindex="0"
                            >
                              A
                            </div>
                          </span>
                        </span>
                      </div>
                    </div>
                  </div>
                </div>
                <div
                  class="TableV2--cell"
                  role="cell"
                  style="width: 30%;"
                >
                  <span
                    class="bp3-popover-wrapper bp3-dark"
                  >
                    <span
                      class="bp3-popover-target"
                    >
                      <button
                        class="bp3-button bp3-minimal Button--button StyledProps--font StyledProps--main Button--with-current-color Button--iconOnly Button--without-shadow Button--withLeftIcon"
                        data-testid="menu-UserGroup-access_control"
                        type="button"
                      >
                        <span
                          class="bp3-icon StyledProps--main"
                          data-icon="Options"
                        >
                          <svg
                            fill="currentColor"
                            height="16"
                            viewBox="0 0 4 16"
                            width="16"
                            xmlns="http://www.w3.org/2000/svg"
                          >
                            <circle
                              cx="2"
                              cy="2"
                              r="1.5"
                            />
                            <circle
                              cx="2"
                              cy="8"
                              r="1.5"
                            />
                            <circle
                              cx="2"
                              cy="14"
                              r="1.5"
                            />
                          </svg>
                        </span>
                      </button>
                    </span>
                  </span>
                </div>
              </div>
            </div>
            <div
              class="TableV2--row TableV2--card TableV2--clickable"
              role="row"
            >
              <div
                class="TableV2--cells"
              >
                <div
                  class="TableV2--cell"
                  role="cell"
                  style="width: 40%;"
                >
                  <div
                    class="Layout--vertical StyledProps--main"
                  >
                    <div
                      class="Layout--vertical Layout--layout-spacing-xsmall StyledProps--main StyledProps--padding-left-small"
                    >
                      <div
                        class="Layout--horizontal Layout--layout-spacing-medium StyledProps--main"
                      >
                        <p
                          class="StyledProps--font Text--lineclamp StyledProps--main StyledProps--color StyledProps--color-black"
                          style="--text-line-clamp: 1;"
                        >
                          user group
                        </p>
                      </div>
                      <p
                        class="StyledProps--font Text--lineclamp StyledProps--main StyledProps--color StyledProps--color-grey600 StyledProps--font-variation-small"
                        style="--text-line-clamp: 1;"
                      >
                        idLabel
                      </p>
                    </div>
                  </div>
                </div>
                <div
                  class="TableV2--cell"
                  role="cell"
                  style="width: 30%;"
                >
                  <div
                    class="Layout--horizontal StyledProps--main StyledProps--flex StyledProps--flex-alignItems-center StyledProps--flex-justifyContent-flex-start"
                  >
                    <div
                      class="AvatarGroup--stack"
                      style="--avatar-over-lap: -13px;"
                    >
                      <div
                        class="AvatarGroup--stackAvatar Avatar--Avatar Avatar--contentStyle"
                      >
                        <span
                          class="bp3-popover-wrapper Avatar--avatarPopOver"
                        >
                          <span
                            class="bp3-popover-target"
                          >
                            <div
                              class="Avatar--AvatarInner"
                              style="border-radius: 100%; line-height: 26px; width: 32px; height: 32px; font-size: 10px;"
                              tabindex="0"
                            >
                              R
                            </div>
                          </span>
                        </span>
                      </div>
                      <div
                        class="AvatarGroup--stackAvatar Avatar--Avatar Avatar--contentStyle"
                      >
                        <span
                          class="bp3-popover-wrapper Avatar--avatarPopOver"
                        >
                          <span
                            class="bp3-popover-target"
                          >
                            <div
                              class="Avatar--AvatarInner"
                              style="border-radius: 100%; line-height: 26px; width: 32px; height: 32px; font-size: 10px;"
                              tabindex="0"
                            >
                              D
                            </div>
                          </span>
                        </span>
                      </div>
                      <div
                        class="AvatarGroup--stackAvatar Avatar--Avatar Avatar--contentStyle"
                      >
                        <span
                          class="bp3-popover-wrapper Avatar--avatarPopOver"
                        >
                          <span
                            class="bp3-popover-target"
                          >
                            <div
                              class="Avatar--AvatarInner"
                              style="border-radius: 100%; line-height: 26px; width: 32px; height: 32px; font-size: 10px;"
                              tabindex="0"
                            >
                              D
                            </div>
                          </span>
                        </span>
                      </div>
                      <div
                        class="AvatarGroup--stackAvatar Avatar--Avatar Avatar--contentStyle"
                      >
                        <span
                          class="bp3-popover-wrapper Avatar--avatarPopOver"
                        >
                          <span
                            class="bp3-popover-target"
                          >
                            <div
                              class="Avatar--AvatarInner"
                              style="border-radius: 100%; line-height: 26px; width: 32px; height: 32px; font-size: 10px;"
                              tabindex="0"
                            >
                              R
                            </div>
                          </span>
                        </span>
                      </div>
                      <div
                        class="AvatarGroup--stackAvatar Avatar--Avatar Avatar--contentStyle"
                      >
                        <span
                          class="bp3-popover-wrapper Avatar--avatarPopOver"
                        >
                          <span
                            class="bp3-popover-target"
                          >
                            <div
                              class="Avatar--AvatarInner"
                              style="border-radius: 100%; line-height: 26px; width: 32px; height: 32px; font-size: 10px;"
                              tabindex="0"
                            >
                              R
                            </div>
                          </span>
                        </span>
                      </div>
                      <div
                        class="AvatarGroup--stackAvatar Avatar--Avatar Avatar--contentStyle"
                      >
                        <span
                          class="bp3-popover-wrapper Avatar--avatarPopOver"
                        >
                          <span
                            class="bp3-popover-target"
                          >
                            <div
                              class="Avatar--AvatarInner"
                              style="border-radius: 100%; line-height: 26px; width: 32px; height: 32px; font-size: 10px;"
                              tabindex="0"
                            >
                              A
                            </div>
                          </span>
                        </span>
                      </div>
                    </div>
                  </div>
                </div>
                <div
                  class="TableV2--cell"
                  role="cell"
                  style="width: 30%;"
                >
                  <span
                    class="bp3-popover-wrapper bp3-dark"
                  >
                    <span
                      class="bp3-popover-target"
                    >
                      <button
                        class="bp3-button bp3-minimal Button--button StyledProps--font StyledProps--main Button--with-current-color Button--iconOnly Button--without-shadow Button--withLeftIcon"
                        data-testid="menu-UserGroup-user_group"
                        type="button"
                      >
                        <span
                          class="bp3-icon StyledProps--main"
                          data-icon="Options"
                        >
                          <svg
                            fill="currentColor"
                            height="16"
                            viewBox="0 0 4 16"
                            width="16"
                            xmlns="http://www.w3.org/2000/svg"
                          >
                            <circle
                              cx="2"
                              cy="2"
                              r="1.5"
                            />
                            <circle
                              cx="2"
                              cy="8"
                              r="1.5"
                            />
                            <circle
                              cx="2"
                              cy="14"
                              r="1.5"
                            />
                          </svg>
                        </span>
                      </button>
                    </span>
                  </span>
                </div>
              </div>
            </div>
          </div>
        </div>
      </div>
    </div>
  </div>
</div>
`;
