// Jest Snapshot v1, https://goo.gl/fbAQLP

exports[`Testing Empty pipeline stages should render empty stage view on right section when no stagetype is rendered 1`] = `
<div>
  <div
    class="createNewContent"
  >
    <div
      class="stageTypeSection"
    >
      <div
        class="Layout--horizontal StyledProps--main stageTitle StyledProps--margin-bottom-large"
      >
        <h6
          class="StyledProps--font StyledProps--font-h6 StyledProps--main StyledProps--color StyledProps--color-grey800"
          level="6"
        >
          pipeline.addStage.title
        </h6>
        <button
          aria-label="common.useTemplate"
          class="bp3-button Button--button StyledProps--font StyledProps--main Button--with-current-color Button--withLeftIcon Button--variation Button--variation-secondary Button--size Button--small"
          type="button"
        >
          <span
            class="bp3-icon StyledProps--main StyledProps--padding-right-xsmall"
            data-icon="template-library"
          >
            <svg
              height="12"
              viewBox="0 0 12 13"
              width="12"
              xmlns="http://www.w3.org/2000/svg"
              xmlns:xlink="http://www.w3.org/1999/xlink"
            >
              <defs>
                <path
                  d="M1.8 13c.2 0 .4-.3.4-.6V.6C2.2.3 2 0 1.8 0H.4C.2 0 0 .3 0 .6v11.7c0 .4.2.7.4.7h1.4zm8.8 0l.9-.3c.3-.1.5-.4.4-.8L8.9.6C8.8.3 8.5.1 8.1.2l-.9.3c-.4 0-.5.4-.5.7l3.1 11.3c.1.4.5.6.8.5zm-5 0c.2 0 .4-.3.4-.7V.6c0-.3-.2-.6-.4-.6H4.2c-.2 0-.4.3-.4.6v11.7c0 .4.2.7.4.7h1.4z"
                  id="template-library_svg__a"
                />
              </defs>
              <clippath
                id="template-library_svg__b"
              >
                <use
                  overflow="visible"
                  xlink:href="#template-library_svg__a"
                />
              </clippath>
              <path
                clip-path="url(#template-library_svg__b)"
                d="M-5-5h22v23H-5z"
                fill="#25a6f7"
              />
            </svg>
          </span>
          <span
            class="bp3-button-text"
          >
            common.useTemplate
          </span>
        </button>
      </div>
      <div
        class="createNewCards"
      />
    </div>
    <div
      class="emptyStageView"
    >
      <span
        class="bp3-icon StyledProps--main closeIcon"
        data-icon="main-close"
      >
        <svg
          height="12"
          viewBox="0 0 14 14"
          width="12"
          xmlns="http://www.w3.org/2000/svg"
        >
          <path
            d="M8.6 7l5-5c.3-.2.4-.5.4-.8 0-.7-.5-1.2-1.2-1.2-.3 0-.6.1-.8.3l-5 5-5-5C1.8.1 1.5 0 1.2 0 .5 0 0 .5 0 1.2c0 .3.1.6.3.8l5 5-5 5c-.2.2-.3.5-.3.8 0 .7.5 1.2 1.2 1.2.3 0 .6-.1.8-.3l5-5 5 5c.2.2.5.4.8.4.6 0 1.2-.5 1.2-1.2 0-.3-.1-.6-.3-.8z"
            fill="#4d5969"
          />
        </svg>
      </span>
      <div
        class="Layout--vertical StyledProps--main StyledProps--margin-top-xxlarge StyledProps--margin-bottom-xxlarge StyledProps--margin-right-medium StyledProps--margin-left-medium"
      >
        <div
          class="Layout--horizontal StyledProps--main StyledProps--margin-bottom-medium StyledProps--margin-top-large StyledProps--flex StyledProps--flex-justifyContent-center"
        >
          <span
            class="bp3-icon StyledProps--main"
            data-icon="add-stage"
          >
            <svg
              fill="none"
              height="74"
              viewBox="0 0 88 88"
              width="74"
              xmlns="http://www.w3.org/2000/svg"
            >
              <g
                opacity="0.38"
              >
                <path
                  d="M0 0h88v88H0z"
                  fill="#F0F9FF"
                />
                <path
                  d="M7 7h74v74H7z"
                  fill="#D5EBFF"
                />
                <path
                  d="M14 14h60v60H14z"
                  fill="#AED3F3"
                />
              </g>
              <path
                d="M21 19h48v48H21z"
                fill="#fff"
              />
              <path
                d="M20.5 18c0 10.455-.541 35.25-.541 53.25M19 19.75c10.455 0 35.25.541 53.25.541M19 66.75c10.455 0 35.25.541 53.25.541M69.541 18.75C69.541 29.205 69 54 69 72M40.208 56.125c-3.784 1.923-5.5 2.89-9.208 4.958m8.985-10.039c-3.745-1.999-3.749-2.274-7.568-4.127m12.439-1.364c-1.607-3.93-1.474-4.688-3.231-8.553"
                stroke="#4F5162"
                stroke-linecap="round"
              />
              <path
                d="M52.25 57.223c1.628.409 2.233 2.152 2.45 3.61.386-4.912 5.564-3.947 5.564 2.126C61.721 54.294 65 58.793 65 64.302c0 3.769-1.869 10.449-8.426 11.562-13.423 2.28-12.8-24.863-9.789-24.863 1.579-.065 2.734 3.724 2.734 13.544.41-1.376-.184-8.054 2.73-7.322z"
                fill="#fff"
                stroke="#4F5162"
                stroke-linecap="round"
                stroke-linejoin="round"
              />
            </svg>
          </span>
        </div>
        <div
          class="stageDescription hoverStageDescription"
        >
          pipeline.addStage.description
        </div>
      </div>
    </div>
  </div>
</div>
`;
