// Jest Snapshot v1, https://goo.gl/fbAQLP

exports[`<ExecutionArtifactsView /> tests renders ok 1`] = `
<div>
  <div>
    <h1>
      Not Found
    </h1>
    <div
      data-testid="location"
    >
      /account/undefined/undefined/orgs/undefined/projects/undefined/pipelines/undefined/undefined/undefined/artifacts?stage=8PKMDSMyRdih_aJp8p3f6w
    </div>
  </div>
</div>
`;
