// Jest Snapshot v1, https://goo.gl/fbAQLP

exports[`Infrastructure Definition tests displays error message 1`] = `
<div>
  <div
    class="StyledProps--font StyledProps--main StyledProps--padding-left-medium StyledProps--padding-right-medium"
  >
    <div
      class="StyledProps--font StyledProps--main PageError--pageError StyledProps--flex StyledProps--flex-align-center-center"
      style="width: 100%; height: 100%;"
    >
      <div
        class="Layout--vertical Layout--layout-spacing-medium StyledProps--main"
        style="align-items: center; width: 500px;"
      >
        <span
          class="bp3-icon bp3-icon-error StyledProps--main StyledProps--color StyledProps--color-red500"
          icon="error"
        >
          <svg
            data-icon="error"
            height="32"
            viewBox="0 0 20 20"
            width="32"
          >
            <desc>
              error
            </desc>
            <path
              d="M10 0C4.48 0 0 4.48 0 10s4.48 10 10 10 10-4.48 10-10S15.52 0 10 0zm1 16H9v-2h2v2zm0-3H9V4h2v9z"
              fill-rule="evenodd"
            />
          </svg>
        </span>
        <p
          class="StyledProps--font StyledProps--main StyledProps--font-align-center StyledProps--color StyledProps--color-red500"
        >
          We cannot perform your request at the moment. Please try again.
        </p>
      </div>
    </div>
  </div>
</div>
`;

exports[`Infrastructure Definition tests displays no list, but shows 2 create buttons and opens modal on click  1`] = `
<div>
  <div
    class="StyledProps--font StyledProps--main StyledProps--padding-left-medium StyledProps--padding-right-medium"
  >
    <button
      aria-label="pipelineSteps.deploy.infrastructure.infraDefinition"
      class="bp3-button Button--button StyledProps--font StyledProps--main StyledProps--font StyledProps--font-weight-bold Button--with-current-color Button--withLeftIcon Button--variation Button--variation-link Button--size Button--small"
      type="button"
    >
      <span
        class="bp3-icon bp3-icon-plus StyledProps--main StyledProps--padding-right-xsmall"
        icon="plus"
      >
        <svg
          data-icon="plus"
          height="16"
          viewBox="0 0 16 16"
          width="16"
        >
          <desc>
            plus
          </desc>
          <path
            d="M13 7H9V3c0-.55-.45-1-1-1s-1 .45-1 1v4H3c-.55 0-1 .45-1 1s.45 1 1 1h4v4c0 .55.45 1 1 1s1-.45 1-1V9h4c.55 0 1-.45 1-1s-.45-1-1-1z"
            fill-rule="evenodd"
          />
        </svg>
      </span>
      <span
        class="bp3-button-text"
      >
        pipelineSteps.deploy.infrastructure.infraDefinition
      </span>
    </button>
    <div
      class="Layout--vertical StyledProps--main StyledProps--flex StyledProps--flex-align-center-center"
      style="height: 70vh;"
    >
      <img
        alt="cd.infrastructure.noInfrastructureInEnvironment"
        src="test-file-stub"
      />
      <h2
        class="StyledProps--font StyledProps--font-h2 StyledProps--main StyledProps--padding-top-xxlarge StyledProps--margin-bottom-large"
        level="2"
      >
        cd.infrastructure.noInfrastructureInEnvironment
      </h2>
      <button
        aria-label="pipelineSteps.deploy.infrastructure.infraDefinition"
        class="bp3-button Button--button StyledProps--font StyledProps--main Button--with-current-color Button--withLeftIcon Button--variation Button--variation-primary"
        type="button"
      >
        <span
          class="bp3-icon bp3-icon-plus StyledProps--main StyledProps--padding-right-xsmall"
          icon="plus"
        >
          <svg
            data-icon="plus"
            height="16"
            viewBox="0 0 16 16"
            width="16"
          >
            <desc>
              plus
            </desc>
            <path
              d="M13 7H9V3c0-.55-.45-1-1-1s-1 .45-1 1v4H3c-.55 0-1 .45-1 1s.45 1 1 1h4v4c0 .55.45 1 1 1s1-.45 1-1V9h4c.55 0 1-.45 1-1s-.45-1-1-1z"
              fill-rule="evenodd"
            />
          </svg>
        </span>
        <span
          class="bp3-button-text"
        >
          pipelineSteps.deploy.infrastructure.infraDefinition
        </span>
      </button>
    </div>
  </div>
</div>
`;
