// Jest Snapshot v1, https://goo.gl/fbAQLP

exports[`test cases for Cost Bucket Step should be able to render 1`] = `
<div>
  <div
    class="bp3-card bp3-elevation-0 Card--card container"
  >
    <div
      class="StyledProps--font StyledProps--main"
    >
      <div
        class="Layout--horizontal StyledProps--main headerContainer"
      >
        <p
          class="StyledProps--font StyledProps--main pillRadius StyledProps--color StyledProps--color-primary7 StyledProps--background-primary1 StyledProps--padding-top-xsmall StyledProps--padding-bottom-xsmall StyledProps--padding-left-small StyledProps--padding-right-small StyledProps--font-variation-tiny"
        >
          ce.businessMapping.stepText
        </p>
        <span
          style="flex-grow: 1;"
        />
        <button
          class="bp3-button bp3-minimal Button--button StyledProps--font StyledProps--main StyledProps--intent-primary Button--with-current-color Button--without-shadow Button--withLeftIcon"
          type="button"
        >
          <span
            class="bp3-icon bp3-icon-chevron-up StyledProps--main"
            icon="chevron-up"
          >
            <svg
              data-icon="chevron-up"
              height="20"
              viewBox="0 0 20 20"
              width="20"
            >
              <desc>
                chevron-up
              </desc>
              <path
                d="M16.71 12.29l-6-6C10.53 6.11 10.28 6 10 6s-.53.11-.71.29l-6 6a1.003 1.003 0 001.42 1.42L10 8.41l5.29 5.29c.18.19.43.3.71.3a1.003 1.003 0 00.71-1.71z"
                fill-rule="evenodd"
              />
            </svg>
          </span>
        </button>
      </div>
      <div
        class="Layout--horizontal StyledProps--main headerContainer"
      >
        <p
          class="StyledProps--font StyledProps--main StyledProps--padding-top-small StyledProps--font-variation-card-title"
        >
          ce.businessMapping.sharedCostBucket.title
        </p>
        <span
          style="flex-grow: 1;"
        />
        <button
          aria-label="ce.businessMapping.sharedCostBucket.newButtonText"
          class="bp3-button bp3-minimal Button--button StyledProps--font StyledProps--main Button--with-current-color Button--without-shadow Button--withLeftIcon Button--size Button--small"
          type="button"
        >
          <span
            class="bp3-icon bp3-icon-plus StyledProps--main StyledProps--padding-right-xsmall"
            icon="plus"
          >
            <svg
              data-icon="plus"
              height="16"
              viewBox="0 0 16 16"
              width="16"
            >
              <desc>
                plus
              </desc>
              <path
                d="M13 7H9V3c0-.55-.45-1-1-1s-1 .45-1 1v4H3c-.55 0-1 .45-1 1s.45 1 1 1h4v4c0 .55.45 1 1 1s1-.45 1-1V9h4c.55 0 1-.45 1-1s-.45-1-1-1z"
                fill-rule="evenodd"
              />
            </svg>
          </span>
          <span
            class="bp3-button-text"
          >
            ce.businessMapping.sharedCostBucket.newButtonText
          </span>
        </button>
      </div>
      <div
        class="bp3-collapse"
        style="height: auto; overflow-y: visible; transition: none;"
      >
        <div
          aria-hidden="false"
          class="bp3-collapse-body"
          style="transform: translateY(0); transition: none;"
        >
          <div
            class="StyledProps--font StyledProps--main StyledProps--margin-top-medium StyledProps--border StyledProps--border-top"
          >
            <div>
              <div
                class="StyledProps--font StyledProps--main drag"
                data-rbd-draggable-context-id="0"
                data-rbd-draggable-id="sharedCostBucket-0-Rule1"
              >
                <div
                  class="bp3-card bp3-elevation-0 Card--card mainContainer"
                >
                  <div
                    class="Layout--horizontal StyledProps--main costBucketNameContainet StyledProps--background-grey100"
                  >
                    <div
                      aria-describedby="rbd-hidden-text-0-hidden-text-0"
                      class="StyledProps--font StyledProps--main"
                      data-rbd-drag-handle-context-id="0"
                      data-rbd-drag-handle-draggable-id="sharedCostBucket-0-Rule1"
                      draggable="false"
                      role="button"
                      tabindex="0"
                    >
                      <span
                        class="bp3-icon bp3-icon-drag-handle-vertical StyledProps--main StyledProps--margin-top-xsmall StyledProps--color StyledProps--color-grey300"
                        icon="drag-handle-vertical"
                      >
                        <svg
                          data-icon="drag-handle-vertical"
                          height="24"
                          viewBox="0 0 20 20"
                          width="24"
                        >
                          <desc>
                            drag-handle-vertical
                          </desc>
                          <path
                            d="M7.5 6C6.67 6 6 6.67 6 7.5S6.67 9 7.5 9 9 8.33 9 7.5 8.33 6 7.5 6zm0 5c-.83 0-1.5.67-1.5 1.5S6.67 14 7.5 14 9 13.33 9 12.5 8.33 11 7.5 11zm0 5c-.83 0-1.5.67-1.5 1.5S6.67 19 7.5 19 9 18.33 9 17.5 8.33 16 7.5 16zm5-12c.83 0 1.5-.67 1.5-1.5S13.33 1 12.5 1 11 1.67 11 2.5 11.67 4 12.5 4zm-5-3C6.67 1 6 1.67 6 2.5S6.67 4 7.5 4 9 3.33 9 2.5 8.33 1 7.5 1zm5 10c-.83 0-1.5.67-1.5 1.5s.67 1.5 1.5 1.5 1.5-.67 1.5-1.5-.67-1.5-1.5-1.5zm0 5c-.83 0-1.5.67-1.5 1.5s.67 1.5 1.5 1.5 1.5-.67 1.5-1.5-.67-1.5-1.5-1.5zm0-10c-.83 0-1.5.67-1.5 1.5S11.67 9 12.5 9 14 8.33 14 7.5 13.33 6 12.5 6z"
                            fill-rule="evenodd"
                          />
                        </svg>
                      </span>
                    </div>
                    <div
                      class="bp3-form-group nameInput"
                    >
                      <div
                        class="bp3-form-content"
                      >
                        <div
                          class="bp3-input-group"
                        >
                          <input
                            autocomplete="off"
                            class="bp3-input"
                            name="sharedCostBucket[0].name"
                            placeholder="ce.businessMapping.sharedCostBucket.inputName"
                            type="text"
                            value=""
                          />
                        </div>
                      </div>
                    </div>
                    <span
                      style="flex-grow: 1;"
                    />
                    <button
                      class="bp3-button bp3-minimal Button--button StyledProps--font StyledProps--main buttonNoPadding StyledProps--intent-primary Button--with-current-color Button--without-shadow Button--withLeftIcon"
                      type="button"
                    >
                      <span
                        class="bp3-icon StyledProps--main"
                        data-icon="Edit"
                      >
                        <svg
                          height="16"
                          viewBox="0 0 16 16"
                          width="16"
                          xmlns="http://www.w3.org/2000/svg"
                        >
                          <path
                            clip-rule="evenodd"
                            d="M11.207.485a.5.5 0 01.354-.146 3.5 3.5 0 013.5 3.5.5.5 0 01-.146.353l-11 11a.5.5 0 01-.354.147h-3a.5.5 0 01-.5-.5v-3a.5.5 0 01.146-.354l11-11zm.553.862L1.061 12.046v2.293h2.293l10.7-10.7a2.5 2.5 0 00-2.294-2.292z"
                            fill="currentColor"
                            fill-rule="evenodd"
                          />
                          <path
                            clip-rule="evenodd"
                            d="M11.89 2.646a.5.5 0 010 .708L8.353 6.889a.5.5 0 01-.708-.707l3.536-3.536a.5.5 0 01.707 0z"
                            fill="currentColor"
                            fill-rule="evenodd"
                            opacity="0.3"
                          />
                        </svg>
                      </span>
                    </button>
                    <button
                      class="bp3-button bp3-minimal Button--button StyledProps--font StyledProps--main buttonNoPadding StyledProps--intent-primary Button--with-current-color Button--without-shadow Button--withLeftIcon"
                      type="button"
                    >
                      <span
                        class="bp3-icon bp3-icon-chevron-down StyledProps--main"
                        icon="chevron-down"
                      >
                        <svg
                          data-icon="chevron-down"
                          height="20"
                          viewBox="0 0 20 20"
                          width="20"
                        >
                          <desc>
                            chevron-down
                          </desc>
                          <path
                            d="M16 6c-.28 0-.53.11-.71.29L10 11.59l-5.29-5.3a1.003 1.003 0 00-1.42 1.42l6 6c.18.18.43.29.71.29s.53-.11.71-.29l6-6A1.003 1.003 0 0016 6z"
                            fill-rule="evenodd"
                          />
                        </svg>
                      </span>
                    </button>
                  </div>
                  <div
                    class="bp3-collapse"
                  >
                    <div
                      aria-hidden="true"
                      class="bp3-collapse-body"
                      style="transform: translateY(-undefinedpx);"
                    >
                      <div
                        class="StyledProps--font StyledProps--main StyledProps--background-grey100"
                      >
                        <div
                          class="StyledProps--font StyledProps--main ruleViewerContainer StyledProps--border StyledProps--border-top StyledProps--padding-top-small StyledProps--padding-bottom-small StyledProps--margin-left-large StyledProps--margin-right-large"
                        >
                          <div
                            class="Layout--horizontal Layout--layout-spacing-small StyledProps--main ruleViewContainer StyledProps--padding-top-small StyledProps--padding-bottom-small"
                          >
                            <p
                              class="StyledProps--font StyledProps--main StyledProps--font-variation-small-semi"
                            >
                              Common &gt; Product
                            </p>
                            <p
                              class="StyledProps--font StyledProps--main StyledProps--font-variation-small-semi"
                            >
                              IN
                            </p>
                            <p
                              class="StyledProps--font StyledProps--main pillRadius StyledProps--border StyledProps--background-grey200 StyledProps--padding-left-small StyledProps--padding-right-small StyledProps--padding-top-xsmall StyledProps--padding-bottom-xsmall StyledProps--font-variation-tiny"
                            >
                              d
                            </p>
                            <p
                              class="StyledProps--font StyledProps--main pillRadius StyledProps--border StyledProps--background-grey200 StyledProps--padding-left-small StyledProps--padding-right-small StyledProps--padding-top-xsmall StyledProps--padding-bottom-xsmall StyledProps--font-variation-tiny"
                            >
                              e
                            </p>
                            <p
                              class="StyledProps--font StyledProps--main pillRadius StyledProps--border StyledProps--background-grey200 StyledProps--padding-left-small StyledProps--padding-right-small StyledProps--padding-top-xsmall StyledProps--padding-bottom-xsmall StyledProps--font-variation-tiny"
                            >
                              +1
                            </p>
                          </div>
                        </div>
                      </div>
                    </div>
                  </div>
                </div>
              </div>
            </div>
          </div>
        </div>
      </div>
    </div>
  </div>
</div>
`;
