// Jest Snapshot v1, https://goo.gl/fbAQLP

exports[`AccountAndOAuth Login via AccountAndOAuth 1`] = `
<div>
  <div
    class="StyledProps--font StyledProps--main StyledProps--margin-xlarge StyledProps--background-white"
  >
    <div
      class="Collapse--main collapseClassName"
    >
      <div
        class="StyledProps--font StyledProps--main CollapseHeader--main Collapse--header collapseHeaderClassName height60"
      >
        <div
          class="StyledProps--font StyledProps--main CollapseHeader--leftSection"
        >
          <span
            class="bp3-icon StyledProps--main StyledProps--color StyledProps--color-grey400"
            data-icon="main-chevron-down"
          >
            <svg
              height="10"
              viewBox="0 0 14 8"
              width="10"
              xmlns="http://www.w3.org/2000/svg"
            >
              <path
                d="M13 0c-.3 0-.5.1-.7.3L7 5.6 1.7.3C1.5.1 1.3 0 1 0 .4 0 0 .4 0 1c0 .3.1.5.3.7l6 6c.2.2.4.3.7.3s.5-.1.7-.3l6-6c.2-.2.3-.4.3-.7 0-.6-.4-1-1-1z"
                fill="#4d5969"
              />
            </svg>
          </span>
          <div
            class="StyledProps--font StyledProps--main StyledProps--margin-left-xlarge"
          >
            <label
              class="bp3-control bp3-radio StyledProps--font Radio--radio StyledProps--main StyledProps--font-weight-bold StyledProps--font-size-normal StyledProps--color StyledProps--color-grey900"
            >
              <input
                type="radio"
              />
              <span
                class="bp3-control-indicator"
              />
              authSettings.accountOrOAuthLogin
            </label>
          </div>
        </div>
        <div
          class="StyledProps--font StyledProps--main"
        />
      </div>
      <div
        class="Collapse--collapse"
      >
        <div
          class="bp3-collapse"
        >
          <div
            aria-hidden="false"
            class="bp3-collapse-body"
            style="transform: translateY(-undefinedpx);"
          />
        </div>
      </div>
    </div>
  </div>
</div>
`;
