// Jest Snapshot v1, https://goo.gl/fbAQLP

exports[`Resource Groups Page render data 1`] = `
<div>
  <div
    class="Layout--horizontal StyledProps--main PageHeader--container PageHeader--xlarge StyledProps--flex StyledProps--padding-left-xlarge StyledProps--padding-right-xlarge StyledProps--background-white"
  >
    <div
      class="Layout--vertical StyledProps--main"
    >
      <div
        class="PageHeader--breadcrumbsDiv"
      >
        <div
          class="Layout--horizontal StyledProps--main Breadcrumbs--breadcrumbs StyledProps--flex StyledProps--flex-align-center-center StyledProps--flex-justifyContent-flex-start"
        >
          <div
            class="Layout--horizontal StyledProps--main StyledProps--flex StyledProps--flex-align-center-center StyledProps--flex-justifyContent-flex-start"
          >
            <a
              class="Breadcrumbs--breadcrumb"
              href="/account/dummy/settings"
            >
              <span
                class="bp3-icon bp3-icon-cog StyledProps--main StyledProps--padding-right-xsmall StyledProps--color StyledProps--color-primary7"
                icon="cog"
              >
                <svg
                  data-icon="cog"
                  height="16"
                  viewBox="0 0 16 16"
                  width="16"
                >
                  <desc>
                    cog
                  </desc>
                  <path
                    d="M15.19 6.39h-1.85c-.11-.37-.27-.71-.45-1.04l1.36-1.36c.31-.31.31-.82 0-1.13l-1.13-1.13a.803.803 0 00-1.13 0l-1.36 1.36c-.33-.17-.67-.33-1.04-.44V.79c0-.44-.36-.8-.8-.8h-1.6c-.44 0-.8.36-.8.8v1.86c-.39.12-.75.28-1.1.47l-1.3-1.3c-.3-.3-.79-.3-1.09 0L1.82 2.91c-.3.3-.3.79 0 1.09l1.3 1.3c-.2.34-.36.7-.48 1.09H.79c-.44 0-.8.36-.8.8v1.6c0 .44.36.8.8.8h1.85c.11.37.27.71.45 1.04l-1.36 1.36c-.31.31-.31.82 0 1.13l1.13 1.13c.31.31.82.31 1.13 0l1.36-1.36c.33.18.67.33 1.04.44v1.86c0 .44.36.8.8.8h1.6c.44 0 .8-.36.8-.8v-1.86c.39-.12.75-.28 1.1-.47l1.3 1.3c.3.3.79.3 1.09 0l1.09-1.09c.3-.3.3-.79 0-1.09l-1.3-1.3c.19-.35.36-.71.48-1.1h1.85c.44 0 .8-.36.8-.8v-1.6a.816.816 0 00-.81-.79zm-7.2 4.6c-1.66 0-3-1.34-3-3s1.34-3 3-3 3 1.34 3 3-1.34 3-3 3z"
                    fill-rule="evenodd"
                  />
                </svg>
              </span>
              <p
                class="StyledProps--font StyledProps--main StyledProps--intent-primary StyledProps--font-size-small"
              >
                common.accountSettings
              </p>
            </a>
            <span
              class="bp3-icon StyledProps--main StyledProps--color StyledProps--color-grey500 StyledProps--padding-right-xsmall StyledProps--padding-left-xsmall"
              data-icon="main-chevron-right"
            >
              <svg
                height="8"
                viewBox="0 0 8 14"
                width="8"
                xmlns="http://www.w3.org/2000/svg"
              >
                <path
                  d="M7.7 6.3l-6-6C1.5.1 1.3 0 1 0 .4 0 0 .4 0 1c0 .3.1.5.3.7L5.6 7 .3 12.3c-.2.2-.3.4-.3.7 0 .6.4 1 1 1 .3 0 .5-.1.7-.3l6-6c.2-.2.3-.4.3-.7s-.1-.5-.3-.7z"
                  fill="#4d5969"
                />
              </svg>
            </span>
          </div>
          <div
            class="Layout--horizontal StyledProps--main StyledProps--flex StyledProps--flex-align-center-center StyledProps--flex-justifyContent-flex-start"
          >
            <a
              class="Breadcrumbs--breadcrumb"
              href="/account/dummy/settings/access-control/resource-groups"
            >
              <p
                class="StyledProps--font StyledProps--main StyledProps--intent-primary StyledProps--font-size-small"
              >
                accessControl: resourceGroups
              </p>
            </a>
            <span
              class="bp3-icon StyledProps--main StyledProps--color StyledProps--color-grey500 StyledProps--padding-right-xsmall StyledProps--padding-left-xsmall"
              data-icon="main-chevron-right"
            >
              <svg
                height="8"
                viewBox="0 0 8 14"
                width="8"
                xmlns="http://www.w3.org/2000/svg"
              >
                <path
                  d="M7.7 6.3l-6-6C1.5.1 1.3 0 1 0 .4 0 0 .4 0 1c0 .3.1.5.3.7L5.6 7 .3 12.3c-.2.2-.3.4-.3.7 0 .6.4 1 1 1 .3 0 .5-.1.7-.3l6-6c.2-.2.3-.4.3-.7s-.1-.5-.3-.7z"
                  fill="#4d5969"
                />
              </svg>
            </span>
          </div>
        </div>
      </div>
      <div
        class="Layout--horizontal Layout--layout-spacing-medium StyledProps--main StyledProps--flex StyledProps--flex-justifyContent-flex-start StyledProps--flex-alignItems-center"
      >
        <div
          class="colorDiv"
          style="background-color: rgb(0, 99, 247);"
        />
        <div
          class="Layout--vertical Layout--layout-spacing-xsmall StyledProps--main StyledProps--padding-left-small"
        >
          <p
            class="StyledProps--font Text--lineclamp StyledProps--main StyledProps--font-medium StyledProps--color StyledProps--color-black"
            style="--text-line-clamp: 1; width: 700px;"
          >
            nameewrewew
          </p>
          
        </div>
      </div>
    </div>
    <div
      class="Layout--horizontal StyledProps--main StyledProps--margin-top-huge"
    >
      <div
        class="Layout--horizontal Layout--layout-spacing-xsmall StyledProps--main StyledProps--padding-right-small StyledProps--border StyledProps--border-right StyledProps--border-color-grey300"
      >
        <p
          class="StyledProps--font StyledProps--main StyledProps--font-small"
        >
          CREATED
          :
        </p>
        <p
          class="StyledProps--font Text--lineclamp StyledProps--main StyledProps--color StyledProps--color-black StyledProps--font-small"
          style="--text-line-clamp: 1;"
        >
          dummy date
        </p>
      </div>
      <div
        class="Layout--horizontal Layout--layout-spacing-xsmall StyledProps--main StyledProps--padding-left-small"
      >
        <p
          class="StyledProps--font StyledProps--main StyledProps--font-small"
        >
          LASTUPDATED
          :
        </p>
        <p
          class="StyledProps--font Text--lineclamp StyledProps--main StyledProps--color StyledProps--color-black StyledProps--font-small"
          style="--text-line-clamp: 1;"
        >
          dummy date
        </p>
      </div>
    </div>
  </div>
  <div
    class="StyledProps--font StyledProps--main PageBody--pageBody resourceGroupDetails"
    data-name="page-body"
  >
    <div
      class="bp3-card bp3-elevation-0 Card--card subHeader"
    >
      <div
        class="Layout--horizontal StyledProps--main StyledProps--flex StyledProps--flex-justifyContent-space-between"
        style="width: 100%;"
      >
        <p
          class="StyledProps--font StyledProps--main StyledProps--color StyledProps--color-black"
        >
          rbac.resourceGroup.selectionHeading
        </p>
        <div
          class="Layout--horizontal Layout--layout-spacing-medium StyledProps--main StyledProps--flex StyledProps--flex-justifyContent-flex-end"
        >
          <button
            aria-label="save"
            class="bp3-button bp3-disabled Button--button StyledProps--font StyledProps--main Button--with-current-color Button--variation Button--variation-primary"
            disabled=""
            tabindex="-1"
            type="button"
          >
            <span
              class="bp3-button-text"
            >
              save
            </span>
          </button>
          <button
            aria-label="common.discard"
            class="bp3-button bp3-disabled Button--button StyledProps--font StyledProps--main Button--with-current-color Button--variation Button--variation-tertiary"
            disabled=""
            tabindex="-1"
            type="button"
          >
            <span
              class="bp3-button-text"
            >
              common.discard
            </span>
          </button>
        </div>
      </div>
    </div>
    <div
      class="Layout--vertical Layout--layout-spacing-small StyledProps--main StyledProps--flex StyledProps--flex-justifyContent-flex-start StyledProps--padding-xlarge"
    >
      <div
        class="bp3-card bp3-elevation-0 Card--card card"
      >
        <div
          class="Layout--vertical Layout--layout-spacing-medium StyledProps--main"
        >
          <div
            class="Layout--horizontal Layout--layout-spacing-small StyledProps--main StyledProps--flex StyledProps--flex-alignItems-center StyledProps--flex-justifyContent-flex-start"
          >
            <p
              class="StyledProps--font StyledProps--main StyledProps--font-variation-h5 StyledProps--color StyledProps--color-grey800"
            >
              rbac.resourceScope.label
            </p>
            <div
              class="bp3-popover-wrapper DropDown--main"
            >
              <div
                class="bp3-popover-target"
              >
                <div
                  class=""
                >
                  <div
                    class="Layout--horizontal StyledProps--main DropDown--dropdownButton DropDown--withBorder DropDown--minWidth StyledProps--flex"
                    data-testid="dropdown-button"
                    style="min-width: 130px;"
                  >
                    <div
                      class="Layout--horizontal StyledProps--main DropDown--labelWrapper StyledProps--flex"
                    >
                      <p
                        class="StyledProps--font Text--lineclamp StyledProps--main DropDown--label"
                        data-testid="dropdown-value"
                        style="--text-line-clamp: 1;"
                      >
                        rbac.scopeItems.accountOnly
                      </p>
                    </div>
                    <div
                      class="Layout--horizontal StyledProps--main DropDown--btnWrapper StyledProps--flex"
                    >
                      <span
                        class="bp3-icon StyledProps--main StyledProps--color StyledProps--color-grey400"
                        data-icon="main-chevron-down"
                      >
                        <svg
                          height="8"
                          viewBox="0 0 14 8"
                          width="8"
                          xmlns="http://www.w3.org/2000/svg"
                        >
                          <path
                            d="M13 0c-.3 0-.5.1-.7.3L7 5.6 1.7.3C1.5.1 1.3 0 1 0 .4 0 0 .4 0 1c0 .3.1.5.3.7l6 6c.2.2.4.3.7.3s.5-.1.7-.3l6-6c.2-.2.3-.4.3-.7 0-.6-.4-1-1-1z"
                            fill="#4d5969"
                          />
                        </svg>
                      </span>
                    </div>
                  </div>
                </div>
              </div>
            </div>
          </div>
          <div
            class="Layout--vertical StyledProps--main StyledProps--padding-top-small"
          />
        </div>
      </div>
      <div
        class="StyledProps--font StyledProps--main pageContainer"
      >
        <div
          class="StyledProps--font StyledProps--main resourceTypeListContainer StyledProps--padding-xlarge"
        >
          <div
            class="Layout--vertical Layout--layout-spacing-small StyledProps--main resourceTypeList StyledProps--flex"
          >
            <div
              class="Layout--horizontal StyledProps--main resourcePicker StyledProps--flex StyledProps--padding-bottom-small"
            >
              <p
                class="StyledProps--font StyledProps--main StyledProps--font-variation-h5 StyledProps--color StyledProps--color-grey800"
              >
                resources
              </p>
              <div
                class="Layout--horizontal Layout--layout-spacing-huge StyledProps--main StyledProps--flex"
              >
                <label
                  class="bp3-control bp3-radio StyledProps--font Radio--radio StyledProps--main StyledProps--inline"
                >
                  <input
                    type="radio"
                    value="ALL"
                  />
                  <span
                    class="bp3-control-indicator"
                  />
                  common.all
                </label>
                <label
                  class="bp3-control bp3-radio StyledProps--font Radio--radio StyledProps--main StyledProps--inline"
                >
                  <input
                    checked=""
                    type="radio"
                    value="SPECIFIED"
                  />
                  <span
                    class="bp3-control-indicator"
                  />
                  common.specified
                </label>
              </div>
            </div>
            <div
              class="bp3-card bp3-elevation-0 Card--card resourceTypeCard"
              draggable="true"
            >
              <div
                class="Layout--vertical StyledProps--main"
              >
                <div
                  class="Layout--horizontal StyledProps--main StyledProps--flex StyledProps--flex-alignItems-center StyledProps--flex-justifyContent-flex-start"
                >
                  <label
                    class="bp3-control bp3-checkbox StyledProps--font Checkbox--checkbox checkBox StyledProps--main"
                  >
                    <input
                      data-testid="CHECK-BOX-ADMINSTRATIVE_FUNCTIONS"
                      type="checkbox"
                      value="ADMINSTRATIVE_FUNCTIONS"
                    />
                    <span
                      class="bp3-control-indicator"
                    />
                  </label>
                  <p
                    class="StyledProps--font StyledProps--main StyledProps--font-size-small StyledProps--font-weight-semi-bold StyledProps--color StyledProps--color-grey600"
                    style="display: flex; align-items: center;"
                  >
                    <span
                      class="bp3-icon StyledProps--main Text--icon StyledProps--padding-right-small"
                      data-icon="nav-project"
                    >
                      <svg
                        height="16"
                        viewBox="0 0 16 16"
                        width="16"
                        xmlns="http://www.w3.org/2000/svg"
                      >
                        <path
                          clip-rule="evenodd"
                          d="M8.163 1.126a.5.5 0 00-.5 0L2.056 4.36a.5.5 0 00-.25.433v6.234a.5.5 0 00.248.432l5.87 3.415a.5.5 0 00.501 0l5.631-3.259a.5.5 0 00.25-.433V7.478a.5.5 0 00-1 0v3.417l-4.625 2.677.035-5.07 5.34-3.091a.5.5 0 000-.865l-5.894-3.42zM7.717 8.5l-.035 5.077-4.875-2.837V5.66l4.91 2.84zm.502-.865l-4.913-2.84 4.606-2.659 4.897 2.842-4.59 2.657zm-3.864-.068a.5.5 0 10-.5.866l2.165 1.25a.5.5 0 10.5-.866l-2.165-1.25z"
                          fill="currentColor"
                          fill-rule="evenodd"
                        />
                      </svg>
                    </span>
                    ADMINFUNCTIONS
                  </p>
                </div>
                <div
                  class="Layout--horizontal StyledProps--main resourceSubList StyledProps--flex StyledProps--flex-alignItems-center StyledProps--flex-justifyContent-flex-start"
                >
                  <label
                    class="bp3-control bp3-checkbox StyledProps--font Checkbox--checkbox StyledProps--main"
                  >
                    <input
                      data-testid="CHECK-BOX-ORGANIZATION"
                      type="checkbox"
                    />
                    <span
                      class="bp3-control-indicator"
                    />
                  </label>
                  <p
                    class="StyledProps--font StyledProps--main StyledProps--font-small StyledProps--color StyledProps--color-grey800"
                  >
                    orgsText
                  </p>
                </div>
                <div
                  class="Layout--horizontal StyledProps--main resourceSubList StyledProps--flex StyledProps--flex-alignItems-center StyledProps--flex-justifyContent-flex-start"
                >
                  <label
                    class="bp3-control bp3-checkbox StyledProps--font Checkbox--checkbox StyledProps--main"
                  >
                    <input
                      data-testid="CHECK-BOX-PROJECT"
                      type="checkbox"
                    />
                    <span
                      class="bp3-control-indicator"
                    />
                  </label>
                  <p
                    class="StyledProps--font StyledProps--main StyledProps--font-small StyledProps--color StyledProps--color-grey800"
                  >
                    projectsText
                  </p>
                </div>
              </div>
            </div>
            <div
              class="bp3-card bp3-elevation-0 Card--card resourceTypeCard"
              draggable="true"
            >
              <div
                class="Layout--vertical StyledProps--main"
              >
                <div
                  class="Layout--horizontal StyledProps--main StyledProps--flex StyledProps--flex-alignItems-center StyledProps--flex-justifyContent-flex-start"
                >
                  <label
                    class="bp3-control bp3-checkbox StyledProps--font Checkbox--checkbox checkBox StyledProps--main"
                  >
                    <input
                      data-testid="CHECK-BOX-SHARED_RESOURCES"
                      type="checkbox"
                      value="SHARED_RESOURCES"
                    />
                    <span
                      class="bp3-control-indicator"
                    />
                  </label>
                  <p
                    class="StyledProps--font StyledProps--main StyledProps--font-size-small StyledProps--font-weight-semi-bold StyledProps--color StyledProps--color-grey600"
                    style="display: flex; align-items: center;"
                  >
                    <span
                      class="bp3-icon StyledProps--main Text--icon StyledProps--padding-right-small"
                      data-icon="nav-project"
                    >
                      <svg
                        height="16"
                        viewBox="0 0 16 16"
                        width="16"
                        xmlns="http://www.w3.org/2000/svg"
                      >
                        <path
                          clip-rule="evenodd"
                          d="M8.163 1.126a.5.5 0 00-.5 0L2.056 4.36a.5.5 0 00-.25.433v6.234a.5.5 0 00.248.432l5.87 3.415a.5.5 0 00.501 0l5.631-3.259a.5.5 0 00.25-.433V7.478a.5.5 0 00-1 0v3.417l-4.625 2.677.035-5.07 5.34-3.091a.5.5 0 000-.865l-5.894-3.42zM7.717 8.5l-.035 5.077-4.875-2.837V5.66l4.91 2.84zm.502-.865l-4.913-2.84 4.606-2.659 4.897 2.842-4.59 2.657zm-3.864-.068a.5.5 0 10-.5.866l2.165 1.25a.5.5 0 10.5-.866l-2.165-1.25z"
                          fill="currentColor"
                          fill-rule="evenodd"
                        />
                      </svg>
                    </span>
                    RBAC.CATEGORYLABELS.SHAREDRESOURCES
                  </p>
                </div>
                <div
                  class="Layout--horizontal StyledProps--main resourceSubList StyledProps--flex StyledProps--flex-alignItems-center StyledProps--flex-justifyContent-flex-start"
                >
                  <label
                    class="bp3-control bp3-checkbox StyledProps--font Checkbox--checkbox StyledProps--main"
                  >
                    <input
                      checked=""
                      data-testid="CHECK-BOX-SECRET"
                      type="checkbox"
                    />
                    <span
                      class="bp3-control-indicator"
                    />
                  </label>
                  <p
                    class="StyledProps--font StyledProps--main StyledProps--font-small StyledProps--color StyledProps--color-grey800"
                  >
                    common.secrets
                  </p>
                </div>
                <div
                  class="Layout--horizontal StyledProps--main resourceSubList StyledProps--flex StyledProps--flex-alignItems-center StyledProps--flex-justifyContent-flex-start"
                >
                  <label
                    class="bp3-control bp3-checkbox StyledProps--font Checkbox--checkbox StyledProps--main"
                  >
                    <input
                      data-testid="CHECK-BOX-CONNECTOR"
                      type="checkbox"
                    />
                    <span
                      class="bp3-control-indicator"
                    />
                  </label>
                  <p
                    class="StyledProps--font StyledProps--main StyledProps--font-small StyledProps--color StyledProps--color-grey800"
                  >
                    connectorsLabel
                  </p>
                </div>
                <div
                  class="Layout--horizontal StyledProps--main resourceSubList StyledProps--flex StyledProps--flex-alignItems-center StyledProps--flex-justifyContent-flex-start"
                >
                  <label
                    class="bp3-control bp3-checkbox StyledProps--font Checkbox--checkbox StyledProps--main"
                  >
                    <input
                      data-testid="CHECK-BOX-DELEGATE"
                      type="checkbox"
                    />
                    <span
                      class="bp3-control-indicator"
                    />
                  </label>
                  <p
                    class="StyledProps--font StyledProps--main StyledProps--font-small StyledProps--color StyledProps--color-grey800"
                  >
                    delegate.delegates
                  </p>
                </div>
              </div>
            </div>
          </div>
        </div>
        <div
          class="Layout--vertical Layout--layout-spacing-small StyledProps--main"
        >
          <div
            class="StyledProps--font StyledProps--main StyledProps--padding-xlarge"
            style="height: 100%;"
          >
            <p
              class="StyledProps--font StyledProps--main StyledProps--color StyledProps--color-grey900 StyledProps--padding-bottom-medium"
            >
              rbac.resourceGroup.resourceFilterSelection
            </p>
            <div
              class="Layout--vertical Layout--layout-spacing-small StyledProps--main"
            >
              <div
                class="bp3-card bp3-elevation-0 Card--card selectedResourceGroupCardDetails"
              >
                <div
                  class="Layout--horizontal StyledProps--main StyledProps--flex"
                >
                  <div
                    class="StyledProps--font StyledProps--main"
                  >
                    <p
                      class="StyledProps--font StyledProps--main StyledProps--color StyledProps--color-black StyledProps--font-weight-semi-bold"
                      style="display: flex; align-items: center;"
                    >
                      <span
                        class="bp3-icon bp3-icon-lock StyledProps--main Text--icon StyledProps--padding-right-medium"
                        icon="lock"
                      >
                        <svg
                          data-icon="lock"
                          height="30"
                          viewBox="0 0 20 20"
                          width="30"
                        >
                          <desc>
                            lock
                          </desc>
                          <path
                            d="M15.93 9H14V4.99c0-2.21-1.79-4-4-4s-4 1.79-4 4V9H3.93c-.55 0-.93.44-.93.99v8c0 .55.38 1.01.93 1.01h12c.55 0 1.07-.46 1.07-1.01v-8c0-.55-.52-.99-1.07-.99zM8 9V4.99c0-1.1.9-2 2-2s2 .9 2 2V9H8z"
                            fill-rule="evenodd"
                          />
                        </svg>
                      </span>
                      common.secrets
                    </p>
                  </div>
                  <div
                    class="Layout--horizontal StyledProps--main radioBtnSet StyledProps--flex StyledProps--flex-justifyContent-flex-start"
                  >
                    <div
                      class="StyledProps--font StyledProps--main radioBtnCtr"
                    >
                      <label
                        class="bp3-control bp3-radio StyledProps--font Radio--radio radioBtnLabel StyledProps--main"
                      >
                        <input
                          checked=""
                          data-testid="dynamic-SECRET"
                          type="radio"
                        />
                        <span
                          class="bp3-control-indicator"
                        />
                        common.all
                      </label>
                    </div>
                    <div
                      class="StyledProps--font StyledProps--main radioBtnCtr StyledProps--flex StyledProps--padding-left-huge"
                    />
                    <div
                      class="StyledProps--font StyledProps--main radioBtnCtr"
                    >
                      <div
                        class="Layout--horizontal Layout--layout-spacing-small StyledProps--main StyledProps--flex StyledProps--padding-left-huge"
                      >
                        <label
                          class="bp3-control bp3-radio StyledProps--font Radio--radio radioBtnLabel StyledProps--main"
                        >
                          <input
                            data-testid="static-SECRET"
                            type="radio"
                          />
                          <span
                            class="bp3-control-indicator"
                          />
                          common.specified
                        </label>
                      </div>
                    </div>
                    <div
                      class="StyledProps--font StyledProps--main radioBtnCtr"
                    >
                      <button
                        class="bp3-button bp3-disabled Button--button StyledProps--font StyledProps--main Button--with-current-color Button--iconOnly Button--variation Button--variation-link"
                        data-testid="addResources-SECRET"
                        disabled=""
                        tabindex="-1"
                        type="button"
                      >
                        <span
                          class="bp3-button-text"
                        >
                          plusAdd
                        </span>
                      </button>
                    </div>
                  </div>
                </div>
              </div>
              <div
                class="bp3-card bp3-elevation-0 Card--card selectedResourceGroupCardDetails"
              >
                <div
                  class="Layout--horizontal StyledProps--main StyledProps--flex"
                >
                  <div
                    class="StyledProps--font StyledProps--main"
                  >
                    <p
                      class="StyledProps--font StyledProps--main StyledProps--color StyledProps--color-black StyledProps--font-weight-semi-bold"
                      style="display: flex; align-items: center;"
                    >
                      <span
                        class="bp3-icon StyledProps--main Text--icon StyledProps--padding-right-medium"
                        data-icon="environment"
                      >
                        <svg
                          fill="none"
                          height="30"
                          viewBox="0 0 18 18"
                          width="30"
                          xmlns="http://www.w3.org/2000/svg"
                        >
                          <circle
                            cx="9"
                            cy="9"
                            fill="#00ADE4"
                            r="9"
                          />
                          <path
                            d="M4.715 4.714h8.571v8.571H4.715z"
                            fill="#000"
                            opacity="0.01"
                          />
                          <path
                            clip-rule="evenodd"
                            d="M9.264 6.992a.2.2 0 00.08.17l2.834 2.114a1 1 0 01.005 1.599l-2.58 1.954a1 1 0 01-1.206.002L5.613 10.73a.859.859 0 01-.015-1.35.159.159 0 01.197-.003.237.237 0 01-.005.377l-.136.101a.2.2 0 00-.003.32l2.762 2.091a.2.2 0 00.32-.16v-1.16L5.78 8.73a1 1 0 010-1.6l2.63-1.972a1 1 0 011.188-.01l2.685 1.947a.938.938 0 01-.034 1.542l-.172-.168a.2.2 0 01.037-.315l.174-.105a.2.2 0 00.012-.335l-2.676-1.87a.2.2 0 00-.314.154l-.046.995zM8.85 5.9a.2.2 0 00-.32-.16L5.87 7.734a.2.2 0 00-.001.32l2.856 2.158a.5.5 0 00.566.025l1.224-.765a.2.2 0 01.233.015l.09.074a.2.2 0 01-.02.324l-1.57.987a.2.2 0 00-.094.17v1.081a.2.2 0 00.322.159l2.658-2.051a.2.2 0 000-.317L9.153 7.637a.2.2 0 00-.245.002l-1.188.935a.2.2 0 01-.258-.008l-.065-.06a.2.2 0 01.01-.305l1.367-1.075a.2.2 0 00.077-.157V5.9z"
                            fill="#fff"
                            fill-rule="evenodd"
                          />
                        </svg>
                      </span>
                      environment
                    </p>
                  </div>
                  <div
                    class="Layout--horizontal StyledProps--main radioBtnSet StyledProps--flex StyledProps--flex-justifyContent-flex-start"
                  >
                    <div
                      class="StyledProps--font StyledProps--main radioBtnCtr"
                    >
                      <label
                        class="bp3-control bp3-radio StyledProps--font Radio--radio radioBtnLabel StyledProps--main"
                      >
                        <input
                          data-testid="dynamic-ENVIRONMENT"
                          type="radio"
                        />
                        <span
                          class="bp3-control-indicator"
                        />
                        common.all
                      </label>
                    </div>
                    <div
                      class="StyledProps--font StyledProps--main radioBtnCtr StyledProps--flex StyledProps--padding-left-huge"
                    >
                      <label
                        class="bp3-control bp3-radio StyledProps--font Radio--radio radioBtnLabel StyledProps--main"
                      >
                        <input
                          checked=""
                          data-testid="attr-ENVIRONMENT"
                          type="radio"
                        />
                        <span
                          class="bp3-control-indicator"
                        />
                        common.byType
                      </label>
                    </div>
                    <div
                      class="StyledProps--font StyledProps--main radioBtnCtr"
                    >
                      <div
                        class="Layout--horizontal Layout--layout-spacing-small StyledProps--main StyledProps--flex StyledProps--padding-left-huge"
                      >
                        <label
                          class="bp3-control bp3-radio StyledProps--font Radio--radio radioBtnLabel StyledProps--main"
                        >
                          <input
                            data-testid="static-ENVIRONMENT"
                            type="radio"
                          />
                          <span
                            class="bp3-control-indicator"
                          />
                          common.specified
                        </label>
                      </div>
                    </div>
                    <div
                      class="StyledProps--font StyledProps--main radioBtnCtr"
                    >
                      <button
                        class="bp3-button Button--button StyledProps--font StyledProps--main Button--with-current-color Button--iconOnly Button--variation Button--variation-link"
                        data-testid="addResources-ENVIRONMENT"
                        type="button"
                      >
                        <span
                          class="bp3-button-text"
                        >
                          plusAdd
                        </span>
                      </button>
                    </div>
                  </div>
                </div>
                <div
                  class="Layout--vertical StyledProps--main StyledProps--padding-top-large"
                >
                  <div
                    class="Layout--horizontal StyledProps--main staticResource StyledProps--padding-large StyledProps--flex"
                  >
                    <p
                      class="StyledProps--font StyledProps--main"
                    >
                      Production
                    </p>
                    <button
                      class="bp3-button bp3-minimal Button--button StyledProps--font StyledProps--main Button--with-current-color Button--iconOnly Button--without-shadow Button--withLeftIcon"
                      type="button"
                    >
                      <span
                        class="bp3-icon StyledProps--main"
                        data-icon="main-trash"
                      >
                        <svg
                          height="16"
                          viewBox="0 0 16 20"
                          width="16"
                          xmlns="http://www.w3.org/2000/svg"
                        >
                          <path
                            clip-rule="evenodd"
                            d="M1.143 8.48a1.2 1.2 0 011.189-1.36h10.649a1.2 1.2 0 011.194 1.321l-1.039 10.208a1.2 1.2 0 01-1.193 1.079H3.716a1.2 1.2 0 01-1.189-1.04L1.143 8.48zm11.837-.16H2.332l1.385 10.207h8.226L12.98 8.32zM5.916 1.594a.6.6 0 01.719-.452l4.224.965a.6.6 0 01.452.719L11 4.179l3.86.882a.6.6 0 01-.267 1.17L1.535 3.248a.6.6 0 11.267-1.17l3.805.87.309-1.354zm.86 1.62l3.056.698.175-.768-3.055-.698-.175.768z"
                            fill="currentColor"
                            fill-rule="evenodd"
                          />
                          <path
                            clip-rule="evenodd"
                            d="M8 10.808a.5.5 0 01.5.5v5a.5.5 0 01-1 0v-5a.5.5 0 01.5-.5zm-2.761.012a.5.5 0 01.541.454l.436 4.981a.5.5 0 11-.996.087l-.436-4.98a.5.5 0 01.455-.542zM10.762 10.82a.5.5 0 01.455.541l-.436 4.981a.5.5 0 11-.996-.087l.435-4.98a.5.5 0 01.542-.455z"
                            fill="currentColor"
                            fill-rule="evenodd"
                            opacity="0.3"
                          />
                        </svg>
                      </span>
                    </button>
                  </div>
                </div>
              </div>
            </div>
          </div>
        </div>
      </div>
    </div>
  </div>
</div>
`;
