// Jest Snapshot v1, https://goo.gl/fbAQLP

exports[`CreateUpdateSecret GCP Secret manager Text Secret in GCP 1`] = `
<div>
  <div
    class="OverlaySpinner--overlaySpinner"
  >
    <form
      action="#"
      class="FormikForm--main"
    >
      <div>
        <div
          class="bp3-form-group bp3-disabled"
          data-id="secretManagerIdentifier-0"
        >
          <label
            class="bp3-label"
            for="secretManagerIdentifier"
          >
            <span
              class="Tooltip--acenter"
              data-tooltip-id="createUpdateSecretForm_secretManagerIdentifier"
            >
              secrets.labelSecretsManager
            </span>
             
            <span
              class="bp3-text-muted"
            />
          </label>
          <div
            class="bp3-form-content"
          >
            <div
              class="bp3-popover-wrapper Select--main bp3-fill"
            >
              <div
                class="bp3-popover-target"
              >
                <div
                  class="bp3-input-group bp3-disabled"
                >
                  <input
                    autocomplete="off"
                    class="bp3-input"
                    disabled=""
                    name="secretManagerIdentifier"
                    placeholder="- Select -"
                    style="padding-right: 0px;"
                    type="text"
                    value="swaraj gcp"
                  />
                  <span
                    class="bp3-input-action"
                  >
                    <span
                      class="bp3-icon bp3-icon-chevron-down StyledProps--main StyledProps--padding-small"
                      icon="chevron-down"
                    >
                      <svg
                        data-icon="chevron-down"
                        height="14"
                        viewBox="0 0 16 16"
                        width="14"
                      >
                        <desc>
                          chevron-down
                        </desc>
                        <path
                          d="M12 5c-.28 0-.53.11-.71.29L8 8.59l-3.29-3.3a1.003 1.003 0 00-1.42 1.42l4 4c.18.18.43.29.71.29s.53-.11.71-.29l4-4A1.003 1.003 0 0012 5z"
                          fill-rule="evenodd"
                        />
                      </svg>
                    </span>
                  </span>
                </div>
              </div>
            </div>
          </div>
        </div>
        <span
          class="bp3-popover-wrapper hoverMsg"
        >
          <span
            class="bp3-popover-target hoverMsgTarget"
          >
            <div
              class="InputWithIdentifier--txtNameContainer TextInput--main"
            >
              <div
                class="Layout--horizontal Layout--layout-spacing-xsmall StyledProps--main InputWithIdentifier--txtIdContainer"
              >
                <div
                  class="Text--withDocsTooltip"
                  data-tooltip-id="universalInputNameWithId"
                >
                  <p
                    class="StyledProps--font StyledProps--main"
                  >
                    Id
                  </p>
                </div>
                <p
                  class="StyledProps--font StyledProps--main"
                >
                  :
                </p>
                <span
                  class="bp3-popover-wrapper"
                >
                  <span
                    class="bp3-popover-target"
                  >
                    <div
                      class="bp3-editable-text bp3-disabled InputWithIdentifier--idValue"
                    >
                      <span
                        class="bp3-editable-text-content"
                        style="height: 1px; line-height: 1px; min-width: 0;"
                      >
                        swarajtest2
                      </span>
                    </div>
                  </span>
                </span>
              </div>
              <div
                class="bp3-form-group bp3-disabled"
                data-id="name-1"
              >
                <label
                  class="bp3-label"
                  for="name"
                >
                  <span
                    class="Tooltip--acenter"
                    data-tooltip-id="createUpdateSecretForm_name"
                  >
                    secrets.labelSecretName
                  </span>
                   
                  <span
                    class="bp3-text-muted"
                  />
                </label>
                <div
                  class="bp3-form-content"
                >
                  <div
                    class="bp3-input-group bp3-disabled"
                  >
                    <input
                      autocomplete="off"
                      class="bp3-input"
                      disabled=""
                      name="name"
                      type="text"
                      value="swarajtest2"
                    />
                  </div>
                </div>
              </div>
            </div>
          </span>
        </span>
        <span
          class="bp3-popover-wrapper hoverMsg"
        >
          <span
            class="bp3-popover-target hoverMsgTarget"
          >
            <div
              class=""
            >
              <label
                class="bp3-control bp3-radio bp3-disabled bp3-inline"
              >
                <input
                  checked=""
                  disabled=""
                  name="Blueprint3.RadioGroup-0"
                  type="radio"
                  value="Inline"
                />
                <span
                  class="bp3-control-indicator"
                />
                secrets.secret.inlineSecret
              </label>
              <label
                class="bp3-control bp3-radio bp3-disabled bp3-inline"
              >
                <input
                  disabled=""
                  name="Blueprint3.RadioGroup-0"
                  type="radio"
                  value="Reference"
                />
                <span
                  class="bp3-control-indicator"
                />
                secrets.secret.referenceSecret
              </label>
            </div>
          </span>
        </span>
        <div
          class="bp3-form-group"
          data-id="value-2"
        >
          <label
            class="bp3-label"
            for="value"
          >
            <span
              class="Tooltip--acenter"
              data-tooltip-id="createUpdateSecretForm_value"
            >
              secrets.labelValue
            </span>
             
            <span
              class="bp3-text-muted"
            />
          </label>
          <div
            class="bp3-form-content"
          >
            <div
              class="bp3-input-group"
            >
              <input
                autocomplete="off"
                class="bp3-input"
                name="value"
                placeholder="encrypted"
                type="password"
                value=""
              />
            </div>
          </div>
        </div>
        <span
          class="bp3-popover-wrapper hoverMsg"
        >
          <span
            class="bp3-popover-target hoverMsgTarget"
          >
            <span
              class=""
              tabindex="0"
            >
              <div
                class="bp3-form-group bp3-disabled"
                data-id="configureRegions-3"
              >
                <div
                  class="bp3-form-content"
                >
                  <label
                    class="bp3-control bp3-checkbox bp3-disabled StyledProps--font Checkbox--checkbox StyledProps--main StyledProps--inline"
                  >
                    <input
                      checked=""
                      disabled=""
                      name="configureRegions"
                      type="checkbox"
                    />
                    <span
                      class="bp3-control-indicator"
                    />
                    <span
                      class="Tooltip--acenter FormikForm--checkBoxDocTooltipLabel"
                      data-tooltip-id="createUpdateSecretForm_configureRegions"
                    >
                      secrets.secret.configureRegion
                    </span>
                  </label>
                </div>
              </div>
              <div
                class="bp3-form-group bp3-disabled"
                data-id="regions-4"
              >
                <label
                  class="bp3-label"
                  for="regions"
                >
                  <span
                    class="Tooltip--acenter"
                    data-tooltip-id="createUpdateSecretForm_regions"
                  >
                    secrets.secret.region
                  </span>
                   
                  <span
                    class="bp3-text-muted"
                  />
                </label>
                <div
                  class="bp3-form-content"
                >
                  <div
                    class="bp3-popover-wrapper MultiSelect--main bp3-fill"
                  >
                    <div
                      class="bp3-popover-target"
                    >
                      <div
                        class=""
                      >
                        <div
                          class="bp3-input bp3-tag-input bp3-disabled bp3-multi-select"
                        >
                          <div
                            class="bp3-tag-input-values"
                          >
                            <span
                              class="bp3-tag MultiSelect--tag"
                              data-tag-index="0"
                            >
                              <span
                                class="bp3-text-overflow-ellipsis bp3-fill"
                              >
                                us-east1
                              </span>
                            </span>
                            <span
                              class="bp3-tag MultiSelect--tag"
                              data-tag-index="1"
                            >
                              <span
                                class="bp3-text-overflow-ellipsis bp3-fill"
                              >
                                us-east4
                              </span>
                            </span>
                            <input
                              autocomplete="off"
                              class="bp3-input-ghost bp3-multi-select-tag-input-input"
                              disabled=""
                              name="regions"
                              value=""
                            />
                          </div>
                        </div>
                      </div>
                    </div>
                  </div>
                </div>
              </div>
            </span>
          </span>
        </span>
        <div
          class="bp3-form-group"
          data-id="description-5"
        >
          <label
            class="bp3-label"
            for="description"
          >
            <span
              class="Tooltip--acenter"
              data-tooltip-id="createUpdateSecretForm_description"
            >
              description (optional)
            </span>
             
            <span
              class="bp3-text-muted"
            />
          </label>
          <div
            class="bp3-form-content"
          >
            <textarea
              autocomplete="off"
              class="bp3-input bp3-fill"
              maxlength="1024"
              name="description"
            />
          </div>
        </div>
        <div
          class="bp3-form-group"
          data-id="tags-6"
        >
          <label
            class="bp3-label"
            for="tags"
          >
            <span
              class="Tooltip--acenter"
              data-tooltip-id="createUpdateSecretForm_tags"
            >
              tagsLabel (optional)
            </span>
             
            <span
              class="bp3-text-muted"
            />
          </label>
          <div
            class="bp3-form-content"
          >
            <div
              class="bp3-input bp3-tag-input"
            >
              <div
                class="bp3-tag-input-values"
              >
                <input
                  class="bp3-input-ghost"
                  data-mentions="kv-tag-input-tags"
                  placeholder="Type and press enter to create a tag"
                  value=""
                />
              </div>
            </div>
          </div>
        </div>
        <button
          aria-label="save"
          class="bp3-button Button--button StyledProps--font StyledProps--main StyledProps--intent-primary StyledProps--margin-top-large Button--with-current-color Button--variation Button--variation-primary"
          type="submit"
        >
          <span
            class="bp3-button-text"
          >
            save
          </span>
        </button>
      </div>
    </form>
  </div>
</div>
`;
