// Jest Snapshot v1, https://goo.gl/fbAQLP

exports[`PipelineModal List View render list view 1`] = `
<div>
  <div
    class="StyledProps--font StyledProps--main"
  >
    <div
      class="TableV2--table"
    >
      <div
        class="TableV2--header"
        role="row"
      >
        <div
          class="TableV2--cell"
          colspan="1"
          role="columnheader"
          style="width: 5%;"
        >
          <p
            class="StyledProps--font StyledProps--main StyledProps--font-variation-table-headers"
          >
            Â 
          </p>
        </div>
        <div
          class="TableV2--cell"
          colspan="1"
          role="columnheader"
          style="width: 40%;"
        >
          <p
            class="StyledProps--font StyledProps--main StyledProps--font-variation-table-headers"
          >
            common.pipeline
          </p>
        </div>
        <div
          class="TableV2--cell"
          colspan="1"
          role="columnheader"
          style="width: 55%;"
        >
          <p
            class="StyledProps--font StyledProps--main StyledProps--font-variation-table-headers"
          >
            lastExecutionTs
          </p>
        </div>
      </div>
      <div
        class="TableV2--body"
      >
        <div
          class="TableV2--row TableV2--card TableV2--clickable"
          role="row"
        >
          <div
            class="TableV2--cells"
          >
            <div
              class="TableV2--cell"
              role="cell"
              style="width: 5%;"
            >
              <label
                class="bp3-control bp3-checkbox StyledProps--font Checkbox--checkbox checkBox StyledProps--main"
              >
                <input
                  type="checkbox"
                />
                <span
                  class="bp3-control-indicator"
                />
              </label>
            </div>
            <div
              class="TableV2--cell"
              role="cell"
              style="width: 40%;"
            >
              <div
                class="Layout--vertical Layout--layout-spacing-xsmall StyledProps--main"
                data-testid="shell"
              >
                <div
                  class="Layout--horizontal Layout--layout-spacing-medium StyledProps--main"
                >
                  <span
                    class="bp3-popover-wrapper"
                  >
                    <span
                      class="bp3-popover-target Text--targetClass"
                    >
                      <p
                        class="StyledProps--font StyledProps--main StyledProps--color StyledProps--color-grey800"
                        tabindex="0"
                      >
                        shell
                      </p>
                    </span>
                  </span>
                </div>
                <p
                  class="StyledProps--font StyledProps--main StyledProps--color StyledProps--color-grey400"
                >
                  idLabel
                </p>
              </div>
            </div>
            <div
              class="TableV2--cell"
              role="cell"
              style="width: 55%;"
            >
              <div
                class="Layout--vertical Layout--layout-spacing-xsmall StyledProps--main"
              >
                <p
                  class="StyledProps--font StyledProps--main StyledProps--color StyledProps--color-grey800"
                >
                  Last run:
                </p>
                <p
                  class="StyledProps--font StyledProps--main StyledProps--color StyledProps--color-grey400"
                >
                  pipelineSteps.pullNeverLabel
                </p>
              </div>
            </div>
          </div>
        </div>
        <div
          class="TableV2--row TableV2--card TableV2--clickable"
          role="row"
        >
          <div
            class="TableV2--cells"
          >
            <div
              class="TableV2--cell"
              role="cell"
              style="width: 5%;"
            >
              <label
                class="bp3-control bp3-checkbox StyledProps--font Checkbox--checkbox checkBox StyledProps--main"
              >
                <input
                  type="checkbox"
                />
                <span
                  class="bp3-control-indicator"
                />
              </label>
            </div>
            <div
              class="TableV2--cell"
              role="cell"
              style="width: 40%;"
            >
              <div
                class="Layout--vertical Layout--layout-spacing-xsmall StyledProps--main"
                data-testid="new_pipeline"
              >
                <div
                  class="Layout--horizontal Layout--layout-spacing-medium StyledProps--main"
                >
                  <span
                    class="bp3-popover-wrapper"
                  >
                    <span
                      class="bp3-popover-target Text--targetClass"
                    >
                      <p
                        class="StyledProps--font StyledProps--main StyledProps--color StyledProps--color-grey800"
                        tabindex="0"
                      >
                        new pipeline
                      </p>
                    </span>
                  </span>
                </div>
                <p
                  class="StyledProps--font StyledProps--main StyledProps--color StyledProps--color-grey400"
                >
                  idLabel
                </p>
              </div>
            </div>
            <div
              class="TableV2--cell"
              role="cell"
              style="width: 55%;"
            >
              <div
                class="Layout--vertical Layout--layout-spacing-xsmall StyledProps--main"
              >
                <p
                  class="StyledProps--font StyledProps--main StyledProps--color StyledProps--color-grey800"
                >
                  Last run:
                </p>
                <p
                  class="StyledProps--font StyledProps--main StyledProps--color StyledProps--color-grey400"
                >
                  pipelineSteps.pullNeverLabel
                </p>
              </div>
            </div>
          </div>
        </div>
        <div
          class="TableV2--row TableV2--card TableV2--clickable"
          role="row"
        >
          <div
            class="TableV2--cells"
          >
            <div
              class="TableV2--cell"
              role="cell"
              style="width: 5%;"
            >
              <label
                class="bp3-control bp3-checkbox StyledProps--font Checkbox--checkbox checkBox StyledProps--main"
              >
                <input
                  type="checkbox"
                />
                <span
                  class="bp3-control-indicator"
                />
              </label>
            </div>
            <div
              class="TableV2--cell"
              role="cell"
              style="width: 40%;"
            >
              <div
                class="Layout--vertical Layout--layout-spacing-xsmall StyledProps--main"
                data-testid="pipetagfix"
              >
                <div
                  class="Layout--horizontal Layout--layout-spacing-medium StyledProps--main"
                >
                  <span
                    class="bp3-popover-wrapper"
                  >
                    <span
                      class="bp3-popover-target Text--targetClass"
                    >
                      <p
                        class="StyledProps--font StyledProps--main StyledProps--color StyledProps--color-grey800"
                        tabindex="0"
                      >
                        pipe-tag-fix
                      </p>
                    </span>
                  </span>
                </div>
                <p
                  class="StyledProps--font StyledProps--main StyledProps--color StyledProps--color-grey400"
                >
                  idLabel
                </p>
              </div>
            </div>
            <div
              class="TableV2--cell"
              role="cell"
              style="width: 55%;"
            >
              <div
                class="Layout--vertical Layout--layout-spacing-xsmall StyledProps--main"
              >
                <p
                  class="StyledProps--font StyledProps--main StyledProps--color StyledProps--color-grey800"
                >
                  Last run:
                </p>
                <p
                  class="StyledProps--font StyledProps--main StyledProps--color StyledProps--color-grey400"
                >
                  pipelineSteps.pullNeverLabel
                </p>
              </div>
            </div>
          </div>
        </div>
        <div
          class="TableV2--row TableV2--card TableV2--clickable"
          role="row"
        >
          <div
            class="TableV2--cells"
          >
            <div
              class="TableV2--cell"
              role="cell"
              style="width: 5%;"
            >
              <label
                class="bp3-control bp3-checkbox StyledProps--font Checkbox--checkbox checkBox StyledProps--main"
              >
                <input
                  type="checkbox"
                />
                <span
                  class="bp3-control-indicator"
                />
              </label>
            </div>
            <div
              class="TableV2--cell"
              role="cell"
              style="width: 40%;"
            >
              <div
                class="Layout--vertical Layout--layout-spacing-xsmall StyledProps--main"
                data-testid="httpPipeline"
              >
                <div
                  class="Layout--horizontal Layout--layout-spacing-medium StyledProps--main"
                >
                  <span
                    class="bp3-popover-wrapper"
                  >
                    <span
                      class="bp3-popover-target Text--targetClass"
                    >
                      <p
                        class="StyledProps--font StyledProps--main StyledProps--color StyledProps--color-grey800"
                        tabindex="0"
                      >
                        http pipeline
                      </p>
                    </span>
                  </span>
                </div>
                <p
                  class="StyledProps--font StyledProps--main StyledProps--color StyledProps--color-grey400"
                >
                  idLabel
                </p>
              </div>
            </div>
            <div
              class="TableV2--cell"
              role="cell"
              style="width: 55%;"
            >
              <div
                class="Layout--vertical Layout--layout-spacing-xsmall StyledProps--main"
              >
                <p
                  class="StyledProps--font StyledProps--main StyledProps--color StyledProps--color-grey800"
                >
                  Last run:
                </p>
                <p
                  class="StyledProps--font StyledProps--main StyledProps--color StyledProps--color-grey400"
                >
                  pipelineSteps.pullNeverLabel
                </p>
              </div>
            </div>
          </div>
        </div>
      </div>
    </div>
  </div>
</div>
`;
