// Jest Snapshot v1, https://goo.gl/fbAQLP

exports[`<TemplateResourceModal /> Tests snapshot test 1`] = `
<div>
  <div
    class="StyledProps--font StyledProps--main"
  >
    <div
      class="TableV2--table"
    >
      <div
        class="TableV2--header"
        role="row"
      >
        <div
          class="TableV2--cell"
          colspan="1"
          role="columnheader"
          style="width: 5%;"
        >
          <p
            class="StyledProps--font StyledProps--main StyledProps--font-variation-table-headers"
          >
            Â 
          </p>
        </div>
        <div
          class="TableV2--cell"
          colspan="1"
          role="columnheader"
          style="width: 40%;"
        >
          <p
            class="StyledProps--font StyledProps--main StyledProps--font-variation-table-headers"
          >
            common.templates
          </p>
        </div>
        <div
          class="TableV2--cell"
          colspan="1"
          role="columnheader"
          style="width: 30%;"
        >
          <p
            class="StyledProps--font StyledProps--main StyledProps--font-variation-table-headers"
          >
            common.entityType
          </p>
        </div>
        <div
          class="TableV2--cell"
          colspan="1"
          role="columnheader"
          style="width: 20%;"
        >
          <p
            class="StyledProps--font StyledProps--main StyledProps--font-variation-table-headers"
          >
            templatesLibrary.templateScope
          </p>
        </div>
      </div>
      <div
        class="TableV2--body"
      >
        <div
          class="TableV2--row TableV2--card TableV2--clickable"
          role="row"
        >
          <div
            class="TableV2--cells"
          >
            <div
              class="TableV2--cell"
              role="cell"
              style="width: 5%;"
            >
              <label
                class="bp3-control bp3-checkbox StyledProps--font Checkbox--checkbox checkBox StyledProps--main"
              >
                <input
                  type="checkbox"
                />
                <span
                  class="bp3-control-indicator"
                />
              </label>
            </div>
            <div
              class="TableV2--cell"
              role="cell"
              style="width: 40%;"
            >
              <div
                class="Layout--vertical Layout--layout-spacing-xsmall StyledProps--main"
                data-testid="CI_Stage_Template"
              >
                <div
                  class="Layout--horizontal Layout--layout-spacing-medium StyledProps--main"
                >
                  <span
                    class="bp3-popover-wrapper"
                  >
                    <span
                      class="bp3-popover-target Text--targetClass"
                    >
                      <p
                        class="StyledProps--font StyledProps--main StyledProps--color StyledProps--color-grey800"
                        tabindex="0"
                      >
                        CI Stage Template 2
                      </p>
                    </span>
                  </span>
                </div>
                <p
                  class="StyledProps--font StyledProps--main StyledProps--color StyledProps--color-grey400"
                >
                  idLabel
                </p>
              </div>
            </div>
            <div
              class="TableV2--cell"
              role="cell"
              style="width: 30%;"
            >
              <div
                class="Layout--horizontal Layout--layout-spacing-medium StyledProps--main"
              >
                <p
                  class="StyledProps--font StyledProps--main StyledProps--color StyledProps--color-grey800"
                >
                  Stage
                </p>
              </div>
            </div>
            <div
              class="TableV2--cell"
              role="cell"
              style="width: 20%;"
            >
              <div
                class="Layout--horizontal Layout--layout-spacing-medium StyledProps--main"
              >
                <p
                  class="StyledProps--font StyledProps--main StyledProps--color StyledProps--color-grey800"
                >
                  project
                </p>
              </div>
            </div>
          </div>
        </div>
        <div
          class="TableV2--row TableV2--card TableV2--clickable"
          role="row"
        >
          <div
            class="TableV2--cells"
          >
            <div
              class="TableV2--cell"
              role="cell"
              style="width: 5%;"
            >
              <label
                class="bp3-control bp3-checkbox StyledProps--font Checkbox--checkbox checkBox StyledProps--main"
              >
                <input
                  type="checkbox"
                />
                <span
                  class="bp3-control-indicator"
                />
              </label>
            </div>
            <div
              class="TableV2--cell"
              role="cell"
              style="width: 40%;"
            >
              <div
                class="Layout--vertical Layout--layout-spacing-xsmall StyledProps--main"
                data-testid="new_step_name"
              >
                <div
                  class="Layout--horizontal Layout--layout-spacing-medium StyledProps--main"
                >
                  <span
                    class="bp3-popover-wrapper"
                  >
                    <span
                      class="bp3-popover-target Text--targetClass"
                    >
                      <p
                        class="StyledProps--font StyledProps--main StyledProps--color StyledProps--color-grey800"
                        tabindex="0"
                      >
                        New Step Name
                      </p>
                    </span>
                  </span>
                </div>
                <p
                  class="StyledProps--font StyledProps--main StyledProps--color StyledProps--color-grey400"
                >
                  idLabel
                </p>
              </div>
            </div>
            <div
              class="TableV2--cell"
              role="cell"
              style="width: 30%;"
            >
              <div
                class="Layout--horizontal Layout--layout-spacing-medium StyledProps--main"
              >
                <p
                  class="StyledProps--font StyledProps--main StyledProps--color StyledProps--color-grey800"
                >
                  Step
                </p>
              </div>
            </div>
            <div
              class="TableV2--cell"
              role="cell"
              style="width: 20%;"
            >
              <div
                class="Layout--horizontal Layout--layout-spacing-medium StyledProps--main"
              >
                <p
                  class="StyledProps--font StyledProps--main StyledProps--color StyledProps--color-grey800"
                >
                  project
                </p>
              </div>
            </div>
          </div>
        </div>
        <div
          class="TableV2--row TableV2--card TableV2--clickable"
          role="row"
        >
          <div
            class="TableV2--cells"
          >
            <div
              class="TableV2--cell"
              role="cell"
              style="width: 5%;"
            >
              <label
                class="bp3-control bp3-checkbox StyledProps--font Checkbox--checkbox checkBox StyledProps--main"
              >
                <input
                  type="checkbox"
                />
                <span
                  class="bp3-control-indicator"
                />
              </label>
            </div>
            <div
              class="TableV2--cell"
              role="cell"
              style="width: 40%;"
            >
              <div
                class="Layout--vertical Layout--layout-spacing-xsmall StyledProps--main"
                data-testid="CI_Stage"
              >
                <div
                  class="Layout--horizontal Layout--layout-spacing-medium StyledProps--main"
                >
                  <span
                    class="bp3-popover-wrapper"
                  >
                    <span
                      class="bp3-popover-target Text--targetClass"
                    >
                      <p
                        class="StyledProps--font StyledProps--main StyledProps--color StyledProps--color-grey800"
                        tabindex="0"
                      >
                        CI Stage
                      </p>
                    </span>
                  </span>
                </div>
                <p
                  class="StyledProps--font StyledProps--main StyledProps--color StyledProps--color-grey400"
                >
                  idLabel
                </p>
              </div>
            </div>
            <div
              class="TableV2--cell"
              role="cell"
              style="width: 30%;"
            >
              <div
                class="Layout--horizontal Layout--layout-spacing-medium StyledProps--main"
              >
                <p
                  class="StyledProps--font StyledProps--main StyledProps--color StyledProps--color-grey800"
                >
                  Stage
                </p>
              </div>
            </div>
            <div
              class="TableV2--cell"
              role="cell"
              style="width: 20%;"
            >
              <div
                class="Layout--horizontal Layout--layout-spacing-medium StyledProps--main"
              >
                <p
                  class="StyledProps--font StyledProps--main StyledProps--color StyledProps--color-grey800"
                >
                  project
                </p>
              </div>
            </div>
          </div>
        </div>
        <div
          class="TableV2--row TableV2--card TableV2--clickable"
          role="row"
        >
          <div
            class="TableV2--cells"
          >
            <div
              class="TableV2--cell"
              role="cell"
              style="width: 5%;"
            >
              <label
                class="bp3-control bp3-checkbox StyledProps--font Checkbox--checkbox checkBox StyledProps--main"
              >
                <input
                  type="checkbox"
                />
                <span
                  class="bp3-control-indicator"
                />
              </label>
            </div>
            <div
              class="TableV2--cell"
              role="cell"
              style="width: 40%;"
            >
              <div
                class="Layout--vertical Layout--layout-spacing-xsmall StyledProps--main"
                data-testid="CD_Stage"
              >
                <div
                  class="Layout--horizontal Layout--layout-spacing-medium StyledProps--main"
                >
                  <span
                    class="bp3-popover-wrapper"
                  >
                    <span
                      class="bp3-popover-target Text--targetClass"
                    >
                      <p
                        class="StyledProps--font StyledProps--main StyledProps--color StyledProps--color-grey800"
                        tabindex="0"
                      >
                        CD Stage
                      </p>
                    </span>
                  </span>
                </div>
                <p
                  class="StyledProps--font StyledProps--main StyledProps--color StyledProps--color-grey400"
                >
                  idLabel
                </p>
              </div>
            </div>
            <div
              class="TableV2--cell"
              role="cell"
              style="width: 30%;"
            >
              <div
                class="Layout--horizontal Layout--layout-spacing-medium StyledProps--main"
              >
                <p
                  class="StyledProps--font StyledProps--main StyledProps--color StyledProps--color-grey800"
                >
                  Stage
                </p>
              </div>
            </div>
            <div
              class="TableV2--cell"
              role="cell"
              style="width: 20%;"
            >
              <div
                class="Layout--horizontal Layout--layout-spacing-medium StyledProps--main"
              >
                <p
                  class="StyledProps--font StyledProps--main StyledProps--color StyledProps--color-grey800"
                >
                  project
                </p>
              </div>
            </div>
          </div>
        </div>
        <div
          class="TableV2--row TableV2--card TableV2--clickable"
          role="row"
        >
          <div
            class="TableV2--cells"
          >
            <div
              class="TableV2--cell"
              role="cell"
              style="width: 5%;"
            >
              <label
                class="bp3-control bp3-checkbox StyledProps--font Checkbox--checkbox checkBox StyledProps--main"
              >
                <input
                  type="checkbox"
                />
                <span
                  class="bp3-control-indicator"
                />
              </label>
            </div>
            <div
              class="TableV2--cell"
              role="cell"
              style="width: 40%;"
            >
              <div
                class="Layout--vertical Layout--layout-spacing-xsmall StyledProps--main"
                data-testid="templatetest2"
              >
                <div
                  class="Layout--horizontal Layout--layout-spacing-medium StyledProps--main"
                >
                  <span
                    class="bp3-popover-wrapper"
                  >
                    <span
                      class="bp3-popover-target Text--targetClass"
                    >
                      <p
                        class="StyledProps--font StyledProps--main StyledProps--color StyledProps--color-grey800"
                        tabindex="0"
                      >
                        template-test2
                      </p>
                    </span>
                  </span>
                </div>
                <p
                  class="StyledProps--font StyledProps--main StyledProps--color StyledProps--color-grey400"
                >
                  idLabel
                </p>
              </div>
            </div>
            <div
              class="TableV2--cell"
              role="cell"
              style="width: 30%;"
            >
              <div
                class="Layout--horizontal Layout--layout-spacing-medium StyledProps--main"
              >
                <p
                  class="StyledProps--font StyledProps--main StyledProps--color StyledProps--color-grey800"
                >
                  Step
                </p>
              </div>
            </div>
            <div
              class="TableV2--cell"
              role="cell"
              style="width: 20%;"
            >
              <div
                class="Layout--horizontal Layout--layout-spacing-medium StyledProps--main"
              >
                <p
                  class="StyledProps--font StyledProps--main StyledProps--color StyledProps--color-grey800"
                >
                  project
                </p>
              </div>
            </div>
          </div>
        </div>
        <div
          class="TableV2--row TableV2--card TableV2--clickable"
          role="row"
        >
          <div
            class="TableV2--cells"
          >
            <div
              class="TableV2--cell"
              role="cell"
              style="width: 5%;"
            >
              <label
                class="bp3-control bp3-checkbox StyledProps--font Checkbox--checkbox checkBox StyledProps--main"
              >
                <input
                  type="checkbox"
                />
                <span
                  class="bp3-control-indicator"
                />
              </label>
            </div>
            <div
              class="TableV2--cell"
              role="cell"
              style="width: 40%;"
            >
              <div
                class="Layout--vertical Layout--layout-spacing-xsmall StyledProps--main"
                data-testid="Echo_Template"
              >
                <div
                  class="Layout--horizontal Layout--layout-spacing-medium StyledProps--main"
                >
                  <span
                    class="bp3-popover-wrapper"
                  >
                    <span
                      class="bp3-popover-target Text--targetClass"
                    >
                      <p
                        class="StyledProps--font StyledProps--main StyledProps--color StyledProps--color-grey800"
                        tabindex="0"
                      >
                        Echo Template
                      </p>
                    </span>
                  </span>
                </div>
                <p
                  class="StyledProps--font StyledProps--main StyledProps--color StyledProps--color-grey400"
                >
                  idLabel
                </p>
              </div>
            </div>
            <div
              class="TableV2--cell"
              role="cell"
              style="width: 30%;"
            >
              <div
                class="Layout--horizontal Layout--layout-spacing-medium StyledProps--main"
              >
                <p
                  class="StyledProps--font StyledProps--main StyledProps--color StyledProps--color-grey800"
                >
                  Step
                </p>
              </div>
            </div>
            <div
              class="TableV2--cell"
              role="cell"
              style="width: 20%;"
            >
              <div
                class="Layout--horizontal Layout--layout-spacing-medium StyledProps--main"
              >
                <p
                  class="StyledProps--font StyledProps--main StyledProps--color StyledProps--color-grey800"
                >
                  project
                </p>
              </div>
            </div>
          </div>
        </div>
      </div>
    </div>
  </div>
</div>
`;
