// Jest Snapshot v1, https://goo.gl/fbAQLP

exports[`AzureWebAppListView renders AzureWebAppListView 1`] = `
<div>
  <div
    class="Layout--vertical StyledProps--main"
    style="width: 100%;"
  >
    <div
      class="Layout--vertical Layout--layout-spacing-small StyledProps--main"
    >
      <div
        class="serviceConfigList listHeader environmentView"
      >
        <p
          class="StyledProps--font StyledProps--main StyledProps--font-variation-table-headers"
        >
          STORE
        </p>
        <p
          class="StyledProps--font StyledProps--main StyledProps--font-variation-table-headers"
        >
          LOCATION
        </p>
        <span />
      </div>
      <div
        class="Layout--vertical StyledProps--main"
      >
        <section>
          <div
            class="rowItem"
          >
            <section
              class="serviceConfigList environmentView"
            >
              <div
                class="columnId"
              >
                <span
                  class="bp3-icon StyledProps--main StyledProps--inline"
                  data-icon="github"
                >
                  <svg
                    height="20"
                    viewBox="0 0 24 24"
                    width="20"
                    xmlns="http://www.w3.org/2000/svg"
                  >
                    <path
                      d="M12 .297c-6.63 0-12 5.373-12 12 0 5.303 3.438 9.8 8.205 11.385.6.113.82-.258.82-.577 0-.285-.01-1.04-.015-2.04-3.338.724-4.042-1.61-4.042-1.61C4.422 18.07 3.633 17.7 3.633 17.7c-1.087-.744.084-.729.084-.729 1.205.084 1.838 1.236 1.838 1.236 1.07 1.835 2.809 1.305 3.495.998.108-.776.417-1.305.76-1.605-2.665-.3-5.466-1.332-5.466-5.93 0-1.31.465-2.38 1.235-3.22-.135-.303-.54-1.523.105-3.176 0 0 1.005-.322 3.3 1.23.96-.267 1.98-.399 3-.405 1.02.006 2.04.138 3 .405 2.28-1.552 3.285-1.23 3.285-1.23.645 1.653.24 2.873.12 3.176.765.84 1.23 1.91 1.23 3.22 0 4.61-2.805 5.625-5.475 5.92.42.36.81 1.096.81 2.22 0 1.606-.015 2.896-.015 3.286 0 .315.21.69.825.57C20.565 22.092 24 17.592 24 12.297c0-6.627-5.373-12-12-12"
                    />
                  </svg>
                </span>
                <div
                  class="connectorNameField"
                >
                  <span
                    class="bp3-popover-wrapper"
                  >
                    <span
                      class="bp3-popover-target Text--targetClass"
                    >
                      <p
                        class="StyledProps--font Text--lineclamp StyledProps--main connectorName"
                        style="--text-line-clamp: 1;"
                        tabindex="0"
                      >
                        Github2
                      </p>
                    </span>
                  </span>
                  <span
                    class="bp3-icon bp3-icon-full-circle StyledProps--main StyledProps--color"
                    icon="full-circle"
                  >
                    <svg
                      data-icon="full-circle"
                      height="8"
                      viewBox="0 0 16 16"
                      width="8"
                    >
                      <desc>
                        full-circle
                      </desc>
                      <path
                        d="M8 0a8 8 0 100 16A8 8 0 108 0z"
                        fill-rule="evenodd"
                      />
                    </svg>
                  </span>
                </div>
              </div>
              <div>
                <p
                  class="StyledProps--font Text--lineclamp StyledProps--main serviceConfigLocation"
                  style="--text-line-clamp: 1; width: 200px;"
                >
                  <span>
                    filePath
                  </span>
                </p>
              </div>
              <span>
                <div
                  class="Layout--horizontal StyledProps--main serviceConfigListButton"
                >
                  <button
                    class="bp3-button bp3-minimal Button--button StyledProps--font StyledProps--main Button--with-current-color Button--iconOnly Button--without-shadow Button--withLeftIcon"
                    type="button"
                  >
                    <span
                      class="bp3-icon StyledProps--main"
                      data-icon="Edit"
                    >
                      <svg
                        height="16"
                        viewBox="0 0 16 16"
                        width="16"
                        xmlns="http://www.w3.org/2000/svg"
                      >
                        <path
                          clip-rule="evenodd"
                          d="M11.207.485a.5.5 0 01.354-.146 3.5 3.5 0 013.5 3.5.5.5 0 01-.146.353l-11 11a.5.5 0 01-.354.147h-3a.5.5 0 01-.5-.5v-3a.5.5 0 01.146-.354l11-11zm.553.862L1.061 12.046v2.293h2.293l10.7-10.7a2.5 2.5 0 00-2.294-2.292z"
                          fill="currentColor"
                          fill-rule="evenodd"
                        />
                        <path
                          clip-rule="evenodd"
                          d="M11.89 2.646a.5.5 0 010 .708L8.353 6.889a.5.5 0 01-.708-.707l3.536-3.536a.5.5 0 01.707 0z"
                          fill="currentColor"
                          fill-rule="evenodd"
                          opacity="0.3"
                        />
                      </svg>
                    </span>
                  </button>
                  <button
                    class="bp3-button bp3-minimal Button--button StyledProps--font StyledProps--main Button--with-current-color Button--iconOnly Button--without-shadow Button--withLeftIcon"
                    type="button"
                  >
                    <span
                      class="bp3-icon StyledProps--main"
                      data-icon="main-trash"
                    >
                      <svg
                        height="16"
                        viewBox="0 0 16 20"
                        width="16"
                        xmlns="http://www.w3.org/2000/svg"
                      >
                        <path
                          clip-rule="evenodd"
                          d="M1.143 8.48a1.2 1.2 0 011.189-1.36h10.649a1.2 1.2 0 011.194 1.321l-1.039 10.208a1.2 1.2 0 01-1.193 1.079H3.716a1.2 1.2 0 01-1.189-1.04L1.143 8.48zm11.837-.16H2.332l1.385 10.207h8.226L12.98 8.32zM5.916 1.594a.6.6 0 01.719-.452l4.224.965a.6.6 0 01.452.719L11 4.179l3.86.882a.6.6 0 01-.267 1.17L1.535 3.248a.6.6 0 11.267-1.17l3.805.87.309-1.354zm.86 1.62l3.056.698.175-.768-3.055-.698-.175.768z"
                          fill="currentColor"
                          fill-rule="evenodd"
                        />
                        <path
                          clip-rule="evenodd"
                          d="M8 10.808a.5.5 0 01.5.5v5a.5.5 0 01-1 0v-5a.5.5 0 01.5-.5zm-2.761.012a.5.5 0 01.541.454l.436 4.981a.5.5 0 11-.996.087l-.436-4.98a.5.5 0 01.455-.542zM10.762 10.82a.5.5 0 01.455.541l-.436 4.981a.5.5 0 11-.996-.087l.435-4.98a.5.5 0 01.542-.455z"
                          fill="currentColor"
                          fill-rule="evenodd"
                          opacity="0.3"
                        />
                      </svg>
                    </span>
                  </button>
                </div>
              </span>
            </section>
          </div>
        </section>
        <section>
          <div
            class="rowItem"
          >
            <section
              class="serviceConfigList environmentView"
            >
              <div
                class="columnId"
              >
                <span
                  class="bp3-icon StyledProps--main StyledProps--inline"
                  data-icon="github"
                >
                  <svg
                    height="20"
                    viewBox="0 0 24 24"
                    width="20"
                    xmlns="http://www.w3.org/2000/svg"
                  >
                    <path
                      d="M12 .297c-6.63 0-12 5.373-12 12 0 5.303 3.438 9.8 8.205 11.385.6.113.82-.258.82-.577 0-.285-.01-1.04-.015-2.04-3.338.724-4.042-1.61-4.042-1.61C4.422 18.07 3.633 17.7 3.633 17.7c-1.087-.744.084-.729.084-.729 1.205.084 1.838 1.236 1.838 1.236 1.07 1.835 2.809 1.305 3.495.998.108-.776.417-1.305.76-1.605-2.665-.3-5.466-1.332-5.466-5.93 0-1.31.465-2.38 1.235-3.22-.135-.303-.54-1.523.105-3.176 0 0 1.005-.322 3.3 1.23.96-.267 1.98-.399 3-.405 1.02.006 2.04.138 3 .405 2.28-1.552 3.285-1.23 3.285-1.23.645 1.653.24 2.873.12 3.176.765.84 1.23 1.91 1.23 3.22 0 4.61-2.805 5.625-5.475 5.92.42.36.81 1.096.81 2.22 0 1.606-.015 2.896-.015 3.286 0 .315.21.69.825.57C20.565 22.092 24 17.592 24 12.297c0-6.627-5.373-12-12-12"
                    />
                  </svg>
                </span>
                <div
                  class="connectorNameField"
                >
                  <span
                    class="bp3-popover-wrapper"
                  >
                    <span
                      class="bp3-popover-target Text--targetClass"
                    >
                      <p
                        class="StyledProps--font Text--lineclamp StyledProps--main connectorName"
                        style="--text-line-clamp: 1;"
                        tabindex="0"
                      >
                        Github2
                      </p>
                    </span>
                  </span>
                  <span
                    class="bp3-icon bp3-icon-full-circle StyledProps--main StyledProps--color"
                    icon="full-circle"
                  >
                    <svg
                      data-icon="full-circle"
                      height="8"
                      viewBox="0 0 16 16"
                      width="8"
                    >
                      <desc>
                        full-circle
                      </desc>
                      <path
                        d="M8 0a8 8 0 100 16A8 8 0 108 0z"
                        fill-rule="evenodd"
                      />
                    </svg>
                  </span>
                </div>
              </div>
              <div>
                <p
                  class="StyledProps--font Text--lineclamp StyledProps--main serviceConfigLocation"
                  style="--text-line-clamp: 1; width: 200px;"
                >
                  <span>
                    filePath
                  </span>
                </p>
              </div>
              <span>
                <div
                  class="Layout--horizontal StyledProps--main serviceConfigListButton"
                >
                  <button
                    class="bp3-button bp3-minimal Button--button StyledProps--font StyledProps--main Button--with-current-color Button--iconOnly Button--without-shadow Button--withLeftIcon"
                    type="button"
                  >
                    <span
                      class="bp3-icon StyledProps--main"
                      data-icon="Edit"
                    >
                      <svg
                        height="16"
                        viewBox="0 0 16 16"
                        width="16"
                        xmlns="http://www.w3.org/2000/svg"
                      >
                        <path
                          clip-rule="evenodd"
                          d="M11.207.485a.5.5 0 01.354-.146 3.5 3.5 0 013.5 3.5.5.5 0 01-.146.353l-11 11a.5.5 0 01-.354.147h-3a.5.5 0 01-.5-.5v-3a.5.5 0 01.146-.354l11-11zm.553.862L1.061 12.046v2.293h2.293l10.7-10.7a2.5 2.5 0 00-2.294-2.292z"
                          fill="currentColor"
                          fill-rule="evenodd"
                        />
                        <path
                          clip-rule="evenodd"
                          d="M11.89 2.646a.5.5 0 010 .708L8.353 6.889a.5.5 0 01-.708-.707l3.536-3.536a.5.5 0 01.707 0z"
                          fill="currentColor"
                          fill-rule="evenodd"
                          opacity="0.3"
                        />
                      </svg>
                    </span>
                  </button>
                  <button
                    class="bp3-button bp3-minimal Button--button StyledProps--font StyledProps--main Button--with-current-color Button--iconOnly Button--without-shadow Button--withLeftIcon"
                    type="button"
                  >
                    <span
                      class="bp3-icon StyledProps--main"
                      data-icon="main-trash"
                    >
                      <svg
                        height="16"
                        viewBox="0 0 16 20"
                        width="16"
                        xmlns="http://www.w3.org/2000/svg"
                      >
                        <path
                          clip-rule="evenodd"
                          d="M1.143 8.48a1.2 1.2 0 011.189-1.36h10.649a1.2 1.2 0 011.194 1.321l-1.039 10.208a1.2 1.2 0 01-1.193 1.079H3.716a1.2 1.2 0 01-1.189-1.04L1.143 8.48zm11.837-.16H2.332l1.385 10.207h8.226L12.98 8.32zM5.916 1.594a.6.6 0 01.719-.452l4.224.965a.6.6 0 01.452.719L11 4.179l3.86.882a.6.6 0 01-.267 1.17L1.535 3.248a.6.6 0 11.267-1.17l3.805.87.309-1.354zm.86 1.62l3.056.698.175-.768-3.055-.698-.175.768z"
                          fill="currentColor"
                          fill-rule="evenodd"
                        />
                        <path
                          clip-rule="evenodd"
                          d="M8 10.808a.5.5 0 01.5.5v5a.5.5 0 01-1 0v-5a.5.5 0 01.5-.5zm-2.761.012a.5.5 0 01.541.454l.436 4.981a.5.5 0 11-.996.087l-.436-4.98a.5.5 0 01.455-.542zM10.762 10.82a.5.5 0 01.455.541l-.436 4.981a.5.5 0 11-.996-.087l.435-4.98a.5.5 0 01.542-.455z"
                          fill="currentColor"
                          fill-rule="evenodd"
                          opacity="0.3"
                        />
                      </svg>
                    </span>
                  </button>
                </div>
              </span>
            </section>
          </div>
        </section>
      </div>
    </div>
    <div
      class="Layout--vertical Layout--layout-spacing-medium StyledProps--main StyledProps--flex StyledProps--flex-alignItems-flex-start"
    />
  </div>
</div>
`;

exports[`AzureWebAppListView renders empty 1`] = `
<div>
  <div
    class="Layout--vertical StyledProps--main"
    style="width: 100%;"
  >
    <div
      class="Layout--vertical Layout--layout-spacing-small StyledProps--main"
    >
      <div
        class="Layout--vertical StyledProps--main"
      >
        <section />
        <section />
      </div>
    </div>
    <div
      class="Layout--vertical Layout--layout-spacing-medium StyledProps--main StyledProps--flex StyledProps--flex-alignItems-flex-start"
    >
      <button
        class="bp3-button Button--button StyledProps--font StyledProps--main addServiceConfig Button--with-current-color Button--withLeftIcon Button--variation Button--variation-link Button--size Button--small"
        id="add-applicationSetting"
        type="button"
      >
        <span
          class="bp3-icon bp3-icon-plus StyledProps--main StyledProps--padding-right-xsmall"
          icon="plus"
        >
          <svg
            data-icon="plus"
            height="16"
            viewBox="0 0 16 16"
            width="16"
          >
            <desc>
              plus
            </desc>
            <path
              d="M13 7H9V3c0-.55-.45-1-1-1s-1 .45-1 1v4H3c-.55 0-1 .45-1 1s.45 1 1 1h4v4c0 .55.45 1 1 1s1-.45 1-1V9h4c.55 0 1-.45 1-1s-.45-1-1-1z"
              fill-rule="evenodd"
            />
          </svg>
        </span>
        <span
          class="bp3-button-text"
        >
          common.newName common.override
        </span>
      </button>
      <button
        class="bp3-button Button--button StyledProps--font StyledProps--main addServiceConfig Button--with-current-color Button--withLeftIcon Button--variation Button--variation-link Button--size Button--small"
        id="add-connectionString"
        type="button"
      >
        <span
          class="bp3-icon bp3-icon-plus StyledProps--main StyledProps--padding-right-xsmall"
          icon="plus"
        >
          <svg
            data-icon="plus"
            height="16"
            viewBox="0 0 16 16"
            width="16"
          >
            <desc>
              plus
            </desc>
            <path
              d="M13 7H9V3c0-.55-.45-1-1-1s-1 .45-1 1v4H3c-.55 0-1 .45-1 1s.45 1 1 1h4v4c0 .55.45 1 1 1s1-.45 1-1V9h4c.55 0 1-.45 1-1s-.45-1-1-1z"
              fill-rule="evenodd"
            />
          </svg>
        </span>
        <span
          class="bp3-button-text"
        >
          common.newName common.override
        </span>
      </button>
    </div>
  </div>
</div>
`;
