// Jest Snapshot v1, https://goo.gl/fbAQLP

exports[`WebhookPipelineInputPanelV1 Triggers tests Renders/snapshots Initial Render - Pipeline Input Panel with CI Codebase inputs 1`] = `
<div>
  <div
    class="OverlaySpinner--overlaySpinner"
  >
    <form
      action="#"
      class="FormikForm--main"
    >
      <div>
        <div
          class="Layout--vertical Layout--layout-spacing-large StyledProps--main webhookPipelineInputContainer StyledProps--padding-none"
        >
          <div
            class="inputsetGrid"
          >
            <div
              class="inputSetContent"
            >
              <div
                class="pipelineInputRow"
              >
                <span
                  class="StyledProps--font StyledProps--main formContentTitle StyledProps--inline"
                  data-tooltip-id="pipelineInputLabel"
                >
                  triggers.pipelineInputLabel
                </span>
                <span
                  class="bp3-popover-wrapper isPopoverParent"
                >
                  <span
                    class="bp3-popover-target"
                  >
                    <div
                      class="Layout--horizontal Layout--layout-spacing-medium StyledProps--main"
                    >
                      <button
                        class="bp3-button bp3-minimal Button--button StyledProps--font StyledProps--main addInputSetButton StyledProps--color StyledProps--color-primary7 Button--with-current-color Button--iconOnly Button--without-shadow Button--withLeftIcon Button--variation Button--variation-link"
                        type="button"
                      >
                        <span
                          class="bp3-icon bp3-icon-small-plus StyledProps--main"
                          icon="small-plus"
                        >
                          <svg
                            data-icon="small-plus"
                            height="16"
                            viewBox="0 0 16 16"
                            width="16"
                          >
                            <desc>
                              small-plus
                            </desc>
                            <path
                              d="M11 7H9V5c0-.55-.45-1-1-1s-1 .45-1 1v2H5c-.55 0-1 .45-1 1s.45 1 1 1h2v2c0 .55.45 1 1 1s1-.45 1-1V9h2c.55 0 1-.45 1-1s-.45-1-1-1z"
                              fill-rule="evenodd"
                            />
                          </svg>
                        </span>
                        <span
                          class="bp3-button-text"
                        >
                          pipeline.inputSets.createNewInputSet
                        </span>
                      </button>
                      <p
                        class="StyledProps--font StyledProps--main StyledProps--font-variation-form-label StyledProps--color StyledProps--color-grey200"
                        style="align-self: center;"
                      >
                        |
                      </p>
                      <button
                        class="bp3-button bp3-minimal Button--button StyledProps--font StyledProps--main addInputSetButton StyledProps--color StyledProps--color-primary7 Button--with-current-color Button--iconOnly Button--without-shadow Button--withLeftIcon Button--variation Button--variation-link"
                        type="button"
                      >
                        <span
                          class="bp3-icon bp3-icon-small-plus StyledProps--main"
                          icon="small-plus"
                        >
                          <svg
                            data-icon="small-plus"
                            height="16"
                            viewBox="0 0 16 16"
                            width="16"
                          >
                            <desc>
                              small-plus
                            </desc>
                            <path
                              d="M11 7H9V5c0-.55-.45-1-1-1s-1 .45-1 1v2H5c-.55 0-1 .45-1 1s.45 1 1 1h2v2c0 .55.45 1 1 1s1-.45 1-1V9h2c.55 0 1-.45 1-1s-.45-1-1-1z"
                              fill-rule="evenodd"
                            />
                          </svg>
                        </span>
                        <span
                          class="bp3-button-text"
                        >
                          pipeline.inputSets.selectPlaceholder
                        </span>
                      </button>
                    </div>
                    <div
                      class="renderSelectedValue inputSetSelectedValue"
                    />
                  </span>
                </span>
                <div
                  class="divider"
                />
              </div>
            </div>
          </div>
        </div>
      </div>
    </form>
  </div>
</div>
`;

exports[`WebhookPipelineInputPanelV1 Triggers tests Renders/snapshots Initial Render - Pipeline Input Panel with no inputs 1`] = `
<div>
  <div
    class="OverlaySpinner--overlaySpinner"
  >
    <form
      action="#"
      class="FormikForm--main"
    >
      <div>
        <div
          class="Layout--vertical Layout--layout-spacing-large StyledProps--main webhookPipelineInputContainer StyledProps--padding-none"
        >
          <div
            class="Layout--vertical Layout--layout-spacing-large StyledProps--main StyledProps--padding-left-small StyledProps--padding-right-small StyledProps--margin-large"
          >
            <div
              class="Text--withDocsTooltip"
              data-tooltip-id="pipelineInputLabel"
            >
              <span
                class="StyledProps--font StyledProps--main formContentTitle StyledProps--inline"
              >
                triggers.pipelineInputLabel
              </span>
            </div>
            <div
              class="Layout--vertical StyledProps--main formContent"
            >
              <p
                class="StyledProps--font StyledProps--main"
              >
                pipeline.pipelineInputPanel.noRuntimeInputs
              </p>
            </div>
          </div>
        </div>
      </div>
    </form>
  </div>
</div>
`;

exports[`WebhookPipelineInputPanelV1 Triggers tests Renders/snapshots Initial Render - Pipeline Input Panel with runtime inputs 1`] = `
<div>
  <div
    class="OverlaySpinner--overlaySpinner"
  >
    <form
      action="#"
      class="FormikForm--main"
    >
      <div>
        <div
          class="Layout--vertical Layout--layout-spacing-large StyledProps--main webhookPipelineInputContainer StyledProps--padding-none"
        >
          <div
            class="Layout--vertical Layout--layout-spacing-large StyledProps--main StyledProps--padding-left-small StyledProps--padding-right-small StyledProps--margin-large"
          >
            <div
              class="Text--withDocsTooltip"
              data-tooltip-id="pipelineInputLabel"
            >
              <span
                class="StyledProps--font StyledProps--main formContentTitle StyledProps--inline"
              >
                triggers.pipelineInputLabel
              </span>
            </div>
            <div
              class="Layout--vertical StyledProps--main formContent"
            >
              <p
                class="StyledProps--font StyledProps--main"
              >
                pipeline.pipelineInputPanel.noRuntimeInputs
              </p>
            </div>
          </div>
        </div>
      </div>
    </form>
  </div>
</div>
`;
